[    1266ms] [INFO] %cDownload the React DevTools for a better development experience: https://react.dev/link/react-devtools font-weight:bold @ http://localhost:57724/_next/static/chunks/node_modules_next_dist_1e8vcs8._.js:776
[    1376ms] [LOG] [HMR] connected @ http://localhost:57724/_next/static/chunks/node_modules_next_dist_1e8vcs8._.js:776
[   61549ms] [LOG] [Fast Refresh] rebuilding @ http://localhost:57724/_next/static/chunks/node_modules_next_dist_1e8vcs8._.js:776
[   62120ms] [LOG] [Fast Refresh] done in 656ms @ http://localhost:57724/_next/static/chunks/node_modules_next_dist_1e8vcs8._.js:776
[   62436ms] [LOG] [Fast Refresh] done in 656ms @ http://localhost:57724/_next/static/chunks/node_modules_next_dist_1e8vcs8._.js:776
[   62560ms] [LOG] [Fast Refresh] done in 656ms @ http://localhost:57724/_next/static/chunks/node_modules_next_dist_1e8vcs8._.js:776
[   62708ms] [LOG] [Fast Refresh] done in 656ms @ http://localhost:57724/_next/static/chunks/node_modules_next_dist_1e8vcs8._.js:776
[   62919ms] [LOG] [Fast Refresh] done in 656ms @ http://localhost:57724/_next/static/chunks/node_modules_next_dist_1e8vcs8._.js:776
[   62978ms] [LOG] [Fast Refresh] done in 656ms @ http://localhost:57724/_next/static/chunks/node_modules_next_dist_1e8vcs8._.js:776
[   63035ms] [LOG] [Fast Refresh] done in 656ms @ http://localhost:57724/_next/static/chunks/node_modules_next_dist_1e8vcs8._.js:776
[   63099ms] [LOG] [Fast Refresh] done in 656ms @ http://localhost:57724/_next/static/chunks/node_modules_next_dist_1e8vcs8._.js:776
[   63160ms] [LOG] [Fast Refresh] done in 656ms @ http://localhost:57724/_next/static/chunks/node_modules_next_dist_1e8vcs8._.js:776
[   63227ms] [LOG] [Fast Refresh] done in 656ms @ http://localhost:57724/_next/static/chunks/node_modules_next_dist_1e8vcs8._.js:776
[   63284ms] [LOG] [Fast Refresh] done in 656ms @ http://localhost:57724/_next/static/chunks/node_modules_next_dist_1e8vcs8._.js:776
[   63347ms] [LOG] [Fast Refresh] done in 656ms @ http://localhost:57724/_next/static/chunks/node_modules_next_dist_1e8vcs8._.js:776
[   63410ms] [LOG] [Fast Refresh] done in 656ms @ http://localhost:57724/_next/static/chunks/node_modules_next_dist_1e8vcs8._.js:776
[   63473ms] [LOG] [Fast Refresh] done in 656ms @ http://localhost:57724/_next/static/chunks/node_modules_next_dist_1e8vcs8._.js:776
[   63534ms] [LOG] [Fast Refresh] done in 656ms @ http://localhost:57724/_next/static/chunks/node_modules_next_dist_1e8vcs8._.js:776
[   63596ms] [LOG] [Fast Refresh] done in 656ms @ http://localhost:57724/_next/static/chunks/node_modules_next_dist_1e8vcs8._.js:776
[   63659ms] [LOG] [Fast Refresh] done in 656ms @ http://localhost:57724/_next/static/chunks/node_modules_next_dist_1e8vcs8._.js:776
[   63723ms] [LOG] [Fast Refresh] done in 656ms @ http://localhost:57724/_next/static/chunks/node_modules_next_dist_1e8vcs8._.js:776
[   63786ms] [LOG] [Fast Refresh] done in 656ms @ http://localhost:57724/_next/static/chunks/node_modules_next_dist_1e8vcs8._.js:776
[   63848ms] [LOG] [Fast Refresh] done in 656ms @ http://localhost:57724/_next/static/chunks/node_modules_next_dist_1e8vcs8._.js:776
[   63910ms] [LOG] [Fast Refresh] done in 656ms @ http://localhost:57724/_next/static/chunks/node_modules_next_dist_1e8vcs8._.js:776
[   63973ms] [LOG] [Fast Refresh] done in 656ms @ http://localhost:57724/_next/static/chunks/node_modules_next_dist_1e8vcs8._.js:776
[   64035ms] [LOG] [Fast Refresh] done in 656ms @ http://localhost:57724/_next/static/chunks/node_modules_next_dist_1e8vcs8._.js:776
[   64098ms] [LOG] [Fast Refresh] done in 656ms @ http://localhost:57724/_next/static/chunks/node_modules_next_dist_1e8vcs8._.js:776
[   64161ms] [LOG] [Fast Refresh] done in 656ms @ http://localhost:57724/_next/static/chunks/node_modules_next_dist_1e8vcs8._.js:776
[   64223ms] [LOG] [Fast Refresh] done in 656ms @ http://localhost:57724/_next/static/chunks/node_modules_next_dist_1e8vcs8._.js:776
[   64283ms] [LOG] [Fast Refresh] done in 656ms @ http://localhost:57724/_next/static/chunks/node_modules_next_dist_1e8vcs8._.js:776
[   64346ms] [LOG] [Fast Refresh] done in 656ms @ http://localhost:57724/_next/static/chunks/node_modules_next_dist_1e8vcs8._.js:776
[   64407ms] [LOG] [Fast Refresh] done in 656ms @ http://localhost:57724/_next/static/chunks/node_modules_next_dist_1e8vcs8._.js:776
[   64470ms] [LOG] [Fast Refresh] done in 656ms @ http://localhost:57724/_next/static/chunks/node_modules_next_dist_1e8vcs8._.js:776
[   64533ms] [LOG] [Fast Refresh] done in 656ms @ http://localhost:57724/_next/static/chunks/node_modules_next_dist_1e8vcs8._.js:776
[   64601ms] [LOG] [Fast Refresh] done in 656ms @ http://localhost:57724/_next/static/chunks/node_modules_next_dist_1e8vcs8._.js:776
[   64657ms] [LOG] [Fast Refresh] done in 656ms @ http://localhost:57724/_next/static/chunks/node_modules_next_dist_1e8vcs8._.js:776
[   64719ms] [LOG] [Fast Refresh] done in 656ms @ http://localhost:57724/_next/static/chunks/node_modules_next_dist_1e8vcs8._.js:776
[   64782ms] [LOG] [Fast Refresh] done in 656ms @ http://localhost:57724/_next/static/chunks/node_modules_next_dist_1e8vcs8._.js:776
[   64843ms] [LOG] [Fast Refresh] done in 656ms @ http://localhost:57724/_next/static/chunks/node_modules_next_dist_1e8vcs8._.js:776
[   64906ms] [LOG] [Fast Refresh] done in 656ms @ http://localhost:57724/_next/static/chunks/node_modules_next_dist_1e8vcs8._.js:776
[   64968ms] [LOG] [Fast Refresh] done in 656ms @ http://localhost:57724/_next/static/chunks/node_modules_next_dist_1e8vcs8._.js:776
[   65032ms] [LOG] [Fast Refresh] done in 656ms @ http://localhost:57724/_next/static/chunks/node_modules_next_dist_1e8vcs8._.js:776
[   65095ms] [LOG] [Fast Refresh] done in 656ms @ http://localhost:57724/_next/static/chunks/node_modules_next_dist_1e8vcs8._.js:776
[   65155ms] [LOG] [Fast Refresh] done in 656ms @ http://localhost:57724/_next/static/chunks/node_modules_next_dist_1e8vcs8._.js:776
[   65218ms] [LOG] [Fast Refresh] done in 656ms @ http://localhost:57724/_next/static/chunks/node_modules_next_dist_1e8vcs8._.js:776
[   65281ms] [LOG] [Fast Refresh] done in 656ms @ http://localhost:57724/_next/static/chunks/node_modules_next_dist_1e8vcs8._.js:776
[   65343ms] [LOG] [Fast Refresh] done in 656ms @ http://localhost:57724/_next/static/chunks/node_modules_next_dist_1e8vcs8._.js:776
[   65405ms] [LOG] [Fast Refresh] done in 656ms @ http://localhost:57724/_next/static/chunks/node_modules_next_dist_1e8vcs8._.js:776
[   65466ms] [LOG] [Fast Refresh] done in 656ms @ http://localhost:57724/_next/static/chunks/node_modules_next_dist_1e8vcs8._.js:776
[   65529ms] [LOG] [Fast Refresh] done in 656ms @ http://localhost:57724/_next/static/chunks/node_modules_next_dist_1e8vcs8._.js:776
[   65593ms] [LOG] [Fast Refresh] done in 656ms @ http://localhost:57724/_next/static/chunks/node_modules_next_dist_1e8vcs8._.js:776
[   65656ms] [LOG] [Fast Refresh] done in 656ms @ http://localhost:57724/_next/static/chunks/node_modules_next_dist_1e8vcs8._.js:776
[   65718ms] [LOG] [Fast Refresh] done in 656ms @ http://localhost:57724/_next/static/chunks/node_modules_next_dist_1e8vcs8._.js:776
[   65779ms] [LOG] [Fast Refresh] done in 656ms @ http://localhost:57724/_next/static/chunks/node_modules_next_dist_1e8vcs8._.js:776
[   65842ms] [LOG] [Fast Refresh] done in 656ms @ http://localhost:57724/_next/static/chunks/node_modules_next_dist_1e8vcs8._.js:776
[   65903ms] [LOG] [Fast Refresh] done in 656ms @ http://localhost:57724/_next/static/chunks/node_modules_next_dist_1e8vcs8._.js:776
[   65965ms] [LOG] [Fast Refresh] done in 656ms @ http://localhost:57724/_next/static/chunks/node_modules_next_dist_1e8vcs8._.js:776
[   66026ms] [LOG] [Fast Refresh] done in 656ms @ http://localhost:57724/_next/static/chunks/node_modules_next_dist_1e8vcs8._.js:776
[   66089ms] [LOG] [Fast Refresh] done in 656ms @ http://localhost:57724/_next/static/chunks/node_modules_next_dist_1e8vcs8._.js:776
[   66152ms] [LOG] [Fast Refresh] done in 656ms @ http://localhost:57724/_next/static/chunks/node_modules_next_dist_1e8vcs8._.js:776
[   66216ms] [LOG] [Fast Refresh] done in 656ms @ http://localhost:57724/_next/static/chunks/node_modules_next_dist_1e8vcs8._.js:776
[   66279ms] [LOG] [Fast Refresh] done in 656ms @ http://localhost:57724/_next/static/chunks/node_modules_next_dist_1e8vcs8._.js:776
[   66494ms] [LOG] [Fast Refresh] rebuilding @ http://localhost:57724/_next/static/chunks/node_modules_next_dist_1e8vcs8._.js:776
[   67111ms] [LOG] [Fast Refresh] done in 645ms @ http://localhost:57724/_next/static/chunks/node_modules_next_dist_1e8vcs8._.js:776
[   67226ms] [LOG] [Fast Refresh] done in 645ms @ http://localhost:57724/_next/static/chunks/node_modules_next_dist_1e8vcs8._.js:776
[   67226ms] [LOG] [Fast Refresh] done in 645ms @ http://localhost:57724/_next/static/chunks/node_modules_next_dist_1e8vcs8._.js:776
[   67538ms] [LOG] [Fast Refresh] done in 645ms @ http://localhost:57724/_next/static/chunks/node_modules_next_dist_1e8vcs8._.js:776
[   67713ms] [LOG] [Fast Refresh] done in 645ms @ http://localhost:57724/_next/static/chunks/node_modules_next_dist_1e8vcs8._.js:776
[   67783ms] [LOG] [Fast Refresh] done in 645ms @ http://localhost:57724/_next/static/chunks/node_modules_next_dist_1e8vcs8._.js:776
[   67855ms] [LOG] [Fast Refresh] done in 645ms @ http://localhost:57724/_next/static/chunks/node_modules_next_dist_1e8vcs8._.js:776
[   67933ms] [LOG] [Fast Refresh] done in 645ms @ http://localhost:57724/_next/static/chunks/node_modules_next_dist_1e8vcs8._.js:776
[   67995ms] [LOG] [Fast Refresh] done in 645ms @ http://localhost:57724/_next/static/chunks/node_modules_next_dist_1e8vcs8._.js:776
[   68059ms] [LOG] [Fast Refresh] done in 645ms @ http://localhost:57724/_next/static/chunks/node_modules_next_dist_1e8vcs8._.js:776
[   68120ms] [LOG] [Fast Refresh] done in 645ms @ http://localhost:57724/_next/static/chunks/node_modules_next_dist_1e8vcs8._.js:776
[   68182ms] [LOG] [Fast Refresh] done in 645ms @ http://localhost:57724/_next/static/chunks/node_modules_next_dist_1e8vcs8._.js:776
[   68248ms] [LOG] [Fast Refresh] done in 645ms @ http://localhost:57724/_next/static/chunks/node_modules_next_dist_1e8vcs8._.js:776
[   68307ms] [LOG] [Fast Refresh] done in 645ms @ http://localhost:57724/_next/static/chunks/node_modules_next_dist_1e8vcs8._.js:776
[   68369ms] [LOG] [Fast Refresh] done in 645ms @ http://localhost:57724/_next/static/chunks/node_modules_next_dist_1e8vcs8._.js:776
[   68430ms] [LOG] [Fast Refresh] done in 645ms @ http://localhost:57724/_next/static/chunks/node_modules_next_dist_1e8vcs8._.js:776
[   68493ms] [LOG] [Fast Refresh] done in 645ms @ http://localhost:57724/_next/static/chunks/node_modules_next_dist_1e8vcs8._.js:776
[   68556ms] [LOG] [Fast Refresh] done in 645ms @ http://localhost:57724/_next/static/chunks/node_modules_next_dist_1e8vcs8._.js:776
[   68622ms] [LOG] [Fast Refresh] done in 645ms @ http://localhost:57724/_next/static/chunks/node_modules_next_dist_1e8vcs8._.js:776
[   68684ms] [LOG] [Fast Refresh] done in 645ms @ http://localhost:57724/_next/static/chunks/node_modules_next_dist_1e8vcs8._.js:776
[   68743ms] [LOG] [Fast Refresh] done in 645ms @ http://localhost:57724/_next/static/chunks/node_modules_next_dist_1e8vcs8._.js:776
[   68806ms] [LOG] [Fast Refresh] done in 645ms @ http://localhost:57724/_next/static/chunks/node_modules_next_dist_1e8vcs8._.js:776
[   68869ms] [LOG] [Fast Refresh] done in 645ms @ http://localhost:57724/_next/static/chunks/node_modules_next_dist_1e8vcs8._.js:776
[   68934ms] [LOG] [Fast Refresh] done in 645ms @ http://localhost:57724/_next/static/chunks/node_modules_next_dist_1e8vcs8._.js:776
[   68995ms] [LOG] [Fast Refresh] done in 645ms @ http://localhost:57724/_next/static/chunks/node_modules_next_dist_1e8vcs8._.js:776
[   69058ms] [LOG] [Fast Refresh] done in 645ms @ http://localhost:57724/_next/static/chunks/node_modules_next_dist_1e8vcs8._.js:776
[   69121ms] [LOG] [Fast Refresh] done in 645ms @ http://localhost:57724/_next/static/chunks/node_modules_next_dist_1e8vcs8._.js:776
[   69182ms] [LOG] [Fast Refresh] done in 645ms @ http://localhost:57724/_next/static/chunks/node_modules_next_dist_1e8vcs8._.js:776
[   69247ms] [LOG] [Fast Refresh] done in 645ms @ http://localhost:57724/_next/static/chunks/node_modules_next_dist_1e8vcs8._.js:776
[   69310ms] [LOG] [Fast Refresh] done in 645ms @ http://localhost:57724/_next/static/chunks/node_modules_next_dist_1e8vcs8._.js:776
[   69373ms] [LOG] [Fast Refresh] done in 645ms @ http://localhost:57724/_next/static/chunks/node_modules_next_dist_1e8vcs8._.js:776
[   69435ms] [LOG] [Fast Refresh] done in 645ms @ http://localhost:57724/_next/static/chunks/node_modules_next_dist_1e8vcs8._.js:776
[   69497ms] [LOG] [Fast Refresh] done in 645ms @ http://localhost:57724/_next/static/chunks/node_modules_next_dist_1e8vcs8._.js:776
[   69561ms] [LOG] [Fast Refresh] done in 645ms @ http://localhost:57724/_next/static/chunks/node_modules_next_dist_1e8vcs8._.js:776
[   69622ms] [LOG] [Fast Refresh] done in 645ms @ http://localhost:57724/_next/static/chunks/node_modules_next_dist_1e8vcs8._.js:776
[   69685ms] [LOG] [Fast Refresh] done in 645ms @ http://localhost:57724/_next/static/chunks/node_modules_next_dist_1e8vcs8._.js:776
[   69748ms] [LOG] [Fast Refresh] done in 645ms @ http://localhost:57724/_next/static/chunks/node_modules_next_dist_1e8vcs8._.js:776
[   69811ms] [LOG] [Fast Refresh] done in 645ms @ http://localhost:57724/_next/static/chunks/node_modules_next_dist_1e8vcs8._.js:776
[   69875ms] [LOG] [Fast Refresh] done in 645ms @ http://localhost:57724/_next/static/chunks/node_modules_next_dist_1e8vcs8._.js:776
[   69938ms] [LOG] [Fast Refresh] done in 645ms @ http://localhost:57724/_next/static/chunks/node_modules_next_dist_1e8vcs8._.js:776
[   70001ms] [LOG] [Fast Refresh] done in 645ms @ http://localhost:57724/_next/static/chunks/node_modules_next_dist_1e8vcs8._.js:776
[   70061ms] [LOG] [Fast Refresh] done in 645ms @ http://localhost:57724/_next/static/chunks/node_modules_next_dist_1e8vcs8._.js:776
[   70124ms] [LOG] [Fast Refresh] done in 645ms @ http://localhost:57724/_next/static/chunks/node_modules_next_dist_1e8vcs8._.js:776
[   70187ms] [LOG] [Fast Refresh] done in 645ms @ http://localhost:57724/_next/static/chunks/node_modules_next_dist_1e8vcs8._.js:776
[   70249ms] [LOG] [Fast Refresh] done in 645ms @ http://localhost:57724/_next/static/chunks/node_modules_next_dist_1e8vcs8._.js:776
[   70311ms] [LOG] [Fast Refresh] done in 645ms @ http://localhost:57724/_next/static/chunks/node_modules_next_dist_1e8vcs8._.js:776
[   70375ms] [LOG] [Fast Refresh] done in 645ms @ http://localhost:57724/_next/static/chunks/node_modules_next_dist_1e8vcs8._.js:776
[   70454ms] [LOG] [Fast Refresh] done in 645ms @ http://localhost:57724/_next/static/chunks/node_modules_next_dist_1e8vcs8._.js:776
[   70517ms] [LOG] [Fast Refresh] done in 645ms @ http://localhost:57724/_next/static/chunks/node_modules_next_dist_1e8vcs8._.js:776
[   70580ms] [LOG] [Fast Refresh] done in 645ms @ http://localhost:57724/_next/static/chunks/node_modules_next_dist_1e8vcs8._.js:776
[   70643ms] [LOG] [Fast Refresh] done in 645ms @ http://localhost:57724/_next/static/chunks/node_modules_next_dist_1e8vcs8._.js:776
[   70706ms] [LOG] [Fast Refresh] done in 645ms @ http://localhost:57724/_next/static/chunks/node_modules_next_dist_1e8vcs8._.js:776
[   70768ms] [LOG] [Fast Refresh] done in 645ms @ http://localhost:57724/_next/static/chunks/node_modules_next_dist_1e8vcs8._.js:776
[   70830ms] [LOG] [Fast Refresh] done in 645ms @ http://localhost:57724/_next/static/chunks/node_modules_next_dist_1e8vcs8._.js:776
[   70893ms] [LOG] [Fast Refresh] done in 645ms @ http://localhost:57724/_next/static/chunks/node_modules_next_dist_1e8vcs8._.js:776
[   70956ms] [LOG] [Fast Refresh] done in 645ms @ http://localhost:57724/_next/static/chunks/node_modules_next_dist_1e8vcs8._.js:776
[   71016ms] [LOG] [Fast Refresh] done in 645ms @ http://localhost:57724/_next/static/chunks/node_modules_next_dist_1e8vcs8._.js:776
[   71079ms] [LOG] [Fast Refresh] done in 645ms @ http://localhost:57724/_next/static/chunks/node_modules_next_dist_1e8vcs8._.js:776
[   71141ms] [LOG] [Fast Refresh] done in 645ms @ http://localhost:57724/_next/static/chunks/node_modules_next_dist_1e8vcs8._.js:776
[   71203ms] [LOG] [Fast Refresh] done in 645ms @ http://localhost:57724/_next/static/chunks/node_modules_next_dist_1e8vcs8._.js:776
[   71268ms] [LOG] [Fast Refresh] done in 645ms @ http://localhost:57724/_next/static/chunks/node_modules_next_dist_1e8vcs8._.js:776
[   71328ms] [LOG] [Fast Refresh] done in 645ms @ http://localhost:57724/_next/static/chunks/node_modules_next_dist_1e8vcs8._.js:776
[   71391ms] [LOG] [Fast Refresh] done in 645ms @ http://localhost:57724/_next/static/chunks/node_modules_next_dist_1e8vcs8._.js:776
[   71454ms] [LOG] [Fast Refresh] done in 645ms @ http://localhost:57724/_next/static/chunks/node_modules_next_dist_1e8vcs8._.js:776
[   71515ms] [LOG] [Fast Refresh] done in 645ms @ http://localhost:57724/_next/static/chunks/node_modules_next_dist_1e8vcs8._.js:776
[   71578ms] [LOG] [Fast Refresh] done in 645ms @ http://localhost:57724/_next/static/chunks/node_modules_next_dist_1e8vcs8._.js:776
[   71641ms] [LOG] [Fast Refresh] done in 645ms @ http://localhost:57724/_next/static/chunks/node_modules_next_dist_1e8vcs8._.js:776
[   71705ms] [LOG] [Fast Refresh] done in 645ms @ http://localhost:57724/_next/static/chunks/node_modules_next_dist_1e8vcs8._.js:776
[   71768ms] [LOG] [Fast Refresh] done in 645ms @ http://localhost:57724/_next/static/chunks/node_modules_next_dist_1e8vcs8._.js:776
[   71831ms] [LOG] [Fast Refresh] done in 645ms @ http://localhost:57724/_next/static/chunks/node_modules_next_dist_1e8vcs8._.js:776
[   71894ms] [LOG] [Fast Refresh] done in 645ms @ http://localhost:57724/_next/static/chunks/node_modules_next_dist_1e8vcs8._.js:776
[   71955ms] [LOG] [Fast Refresh] done in 645ms @ http://localhost:57724/_next/static/chunks/node_modules_next_dist_1e8vcs8._.js:776
[   72018ms] [LOG] [Fast Refresh] done in 645ms @ http://localhost:57724/_next/static/chunks/node_modules_next_dist_1e8vcs8._.js:776
[   72079ms] [LOG] [Fast Refresh] done in 645ms @ http://localhost:57724/_next/static/chunks/node_modules_next_dist_1e8vcs8._.js:776
[   72141ms] [LOG] [Fast Refresh] done in 645ms @ http://localhost:57724/_next/static/chunks/node_modules_next_dist_1e8vcs8._.js:776
[   72203ms] [LOG] [Fast Refresh] done in 645ms @ http://localhost:57724/_next/static/chunks/node_modules_next_dist_1e8vcs8._.js:776
[   72265ms] [LOG] [Fast Refresh] done in 645ms @ http://localhost:57724/_next/static/chunks/node_modules_next_dist_1e8vcs8._.js:776
[   72327ms] [LOG] [Fast Refresh] done in 645ms @ http://localhost:57724/_next/static/chunks/node_modules_next_dist_1e8vcs8._.js:776
[   72389ms] [LOG] [Fast Refresh] done in 645ms @ http://localhost:57724/_next/static/chunks/node_modules_next_dist_1e8vcs8._.js:776
[   72452ms] [LOG] [Fast Refresh] done in 645ms @ http://localhost:57724/_next/static/chunks/node_modules_next_dist_1e8vcs8._.js:776
[   72515ms] [LOG] [Fast Refresh] done in 645ms @ http://localhost:57724/_next/static/chunks/node_modules_next_dist_1e8vcs8._.js:776
[   72578ms] [LOG] [Fast Refresh] done in 645ms @ http://localhost:57724/_next/static/chunks/node_modules_next_dist_1e8vcs8._.js:776
[   72641ms] [LOG] [Fast Refresh] done in 645ms @ http://localhost:57724/_next/static/chunks/node_modules_next_dist_1e8vcs8._.js:776
[   72705ms] [LOG] [Fast Refresh] done in 645ms @ http://localhost:57724/_next/static/chunks/node_modules_next_dist_1e8vcs8._.js:776
[   72767ms] [LOG] [Fast Refresh] done in 645ms @ http://localhost:57724/_next/static/chunks/node_modules_next_dist_1e8vcs8._.js:776
[   72829ms] [LOG] [Fast Refresh] done in 645ms @ http://localhost:57724/_next/static/chunks/node_modules_next_dist_1e8vcs8._.js:776
[   72893ms] [LOG] [Fast Refresh] done in 645ms @ http://localhost:57724/_next/static/chunks/node_modules_next_dist_1e8vcs8._.js:776
[   72956ms] [LOG] [Fast Refresh] done in 645ms @ http://localhost:57724/_next/static/chunks/node_modules_next_dist_1e8vcs8._.js:776
[   73016ms] [LOG] [Fast Refresh] done in 645ms @ http://localhost:57724/_next/static/chunks/node_modules_next_dist_1e8vcs8._.js:776
[   73077ms] [LOG] [Fast Refresh] done in 645ms @ http://localhost:57724/_next/static/chunks/node_modules_next_dist_1e8vcs8._.js:776
[   73144ms] [LOG] [Fast Refresh] done in 645ms @ http://localhost:57724/_next/static/chunks/node_modules_next_dist_1e8vcs8._.js:776
[   73204ms] [LOG] [Fast Refresh] done in 645ms @ http://localhost:57724/_next/static/chunks/node_modules_next_dist_1e8vcs8._.js:776
[   73265ms] [LOG] [Fast Refresh] done in 645ms @ http://localhost:57724/_next/static/chunks/node_modules_next_dist_1e8vcs8._.js:776
[   73328ms] [LOG] [Fast Refresh] done in 645ms @ http://localhost:57724/_next/static/chunks/node_modules_next_dist_1e8vcs8._.js:776
[   73389ms] [LOG] [Fast Refresh] done in 645ms @ http://localhost:57724/_next/static/chunks/node_modules_next_dist_1e8vcs8._.js:776
[   73452ms] [LOG] [Fast Refresh] done in 645ms @ http://localhost:57724/_next/static/chunks/node_modules_next_dist_1e8vcs8._.js:776
[   73513ms] [LOG] [Fast Refresh] done in 645ms @ http://localhost:57724/_next/static/chunks/node_modules_next_dist_1e8vcs8._.js:776
[   73576ms] [LOG] [Fast Refresh] done in 645ms @ http://localhost:57724/_next/static/chunks/node_modules_next_dist_1e8vcs8._.js:776
[   73639ms] [LOG] [Fast Refresh] done in 645ms @ http://localhost:57724/_next/static/chunks/node_modules_next_dist_1e8vcs8._.js:776
[   73702ms] [LOG] [Fast Refresh] done in 645ms @ http://localhost:57724/_next/static/chunks/node_modules_next_dist_1e8vcs8._.js:776
[   73770ms] [LOG] [Fast Refresh] done in 645ms @ http://localhost:57724/_next/static/chunks/node_modules_next_dist_1e8vcs8._.js:776
[   73827ms] [LOG] [Fast Refresh] done in 645ms @ http://localhost:57724/_next/static/chunks/node_modules_next_dist_1e8vcs8._.js:776
[   73894ms] [LOG] [Fast Refresh] done in 645ms @ http://localhost:57724/_next/static/chunks/node_modules_next_dist_1e8vcs8._.js:776
[   73964ms] [LOG] [Fast Refresh] done in 645ms @ http://localhost:57724/_next/static/chunks/node_modules_next_dist_1e8vcs8._.js:776
[   74030ms] [LOG] [Fast Refresh] done in 645ms @ http://localhost:57724/_next/static/chunks/node_modules_next_dist_1e8vcs8._.js:776
[   74088ms] [LOG] [Fast Refresh] done in 645ms @ http://localhost:57724/_next/static/chunks/node_modules_next_dist_1e8vcs8._.js:776
[   74149ms] [LOG] [Fast Refresh] done in 645ms @ http://localhost:57724/_next/static/chunks/node_modules_next_dist_1e8vcs8._.js:776
[   74214ms] [LOG] [Fast Refresh] done in 645ms @ http://localhost:57724/_next/static/chunks/node_modules_next_dist_1e8vcs8._.js:776
[   74273ms] [LOG] [Fast Refresh] done in 645ms @ http://localhost:57724/_next/static/chunks/node_modules_next_dist_1e8vcs8._.js:776
[   74336ms] [LOG] [Fast Refresh] done in 645ms @ http://localhost:57724/_next/static/chunks/node_modules_next_dist_1e8vcs8._.js:776
[   74400ms] [LOG] [Fast Refresh] done in 645ms @ http://localhost:57724/_next/static/chunks/node_modules_next_dist_1e8vcs8._.js:776
[   74463ms] [LOG] [Fast Refresh] done in 645ms @ http://localhost:57724/_next/static/chunks/node_modules_next_dist_1e8vcs8._.js:776
[   74524ms] [LOG] [Fast Refresh] done in 645ms @ http://localhost:57724/_next/static/chunks/node_modules_next_dist_1e8vcs8._.js:776
[   74586ms] [LOG] [Fast Refresh] done in 645ms @ http://localhost:57724/_next/static/chunks/node_modules_next_dist_1e8vcs8._.js:776
[   74648ms] [LOG] [Fast Refresh] done in 645ms @ http://localhost:57724/_next/static/chunks/node_modules_next_dist_1e8vcs8._.js:776
[   74710ms] [LOG] [Fast Refresh] done in 645ms @ http://localhost:57724/_next/static/chunks/node_modules_next_dist_1e8vcs8._.js:776
[   74772ms] [LOG] [Fast Refresh] done in 645ms @ http://localhost:57724/_next/static/chunks/node_modules_next_dist_1e8vcs8._.js:776
[   74835ms] [LOG] [Fast Refresh] done in 645ms @ http://localhost:57724/_next/static/chunks/node_modules_next_dist_1e8vcs8._.js:776
[   74897ms] [LOG] [Fast Refresh] done in 645ms @ http://localhost:57724/_next/static/chunks/node_modules_next_dist_1e8vcs8._.js:776
[   74960ms] [LOG] [Fast Refresh] done in 645ms @ http://localhost:57724/_next/static/chunks/node_modules_next_dist_1e8vcs8._.js:776
[   75024ms] [LOG] [Fast Refresh] done in 645ms @ http://localhost:57724/_next/static/chunks/node_modules_next_dist_1e8vcs8._.js:776
[   75088ms] [LOG] [Fast Refresh] done in 645ms @ http://localhost:57724/_next/static/chunks/node_modules_next_dist_1e8vcs8._.js:776
[   75148ms] [LOG] [Fast Refresh] done in 645ms @ http://localhost:57724/_next/static/chunks/node_modules_next_dist_1e8vcs8._.js:776
[   75211ms] [LOG] [Fast Refresh] done in 645ms @ http://localhost:57724/_next/static/chunks/node_modules_next_dist_1e8vcs8._.js:776
[   75274ms] [LOG] [Fast Refresh] done in 645ms @ http://localhost:57724/_next/static/chunks/node_modules_next_dist_1e8vcs8._.js:776
[   75333ms] [LOG] [Fast Refresh] done in 645ms @ http://localhost:57724/_next/static/chunks/node_modules_next_dist_1e8vcs8._.js:776
[   75395ms] [LOG] [Fast Refresh] done in 645ms @ http://localhost:57724/_next/static/chunks/node_modules_next_dist_1e8vcs8._.js:776
[   75457ms] [LOG] [Fast Refresh] done in 645ms @ http://localhost:57724/_next/static/chunks/node_modules_next_dist_1e8vcs8._.js:776
[   75520ms] [LOG] [Fast Refresh] done in 645ms @ http://localhost:57724/_next/static/chunks/node_modules_next_dist_1e8vcs8._.js:776
[   75579ms] [LOG] [Fast Refresh] done in 645ms @ http://localhost:57724/_next/static/chunks/node_modules_next_dist_1e8vcs8._.js:776
[   75649ms] [LOG] [Fast Refresh] done in 645ms @ http://localhost:57724/_next/static/chunks/node_modules_next_dist_1e8vcs8._.js:776
[   75703ms] [LOG] [Fast Refresh] done in 645ms @ http://localhost:57724/_next/static/chunks/node_modules_next_dist_1e8vcs8._.js:776
[   75767ms] [LOG] [Fast Refresh] done in 645ms @ http://localhost:57724/_next/static/chunks/node_modules_next_dist_1e8vcs8._.js:776
[   75830ms] [LOG] [Fast Refresh] done in 645ms @ http://localhost:57724/_next/static/chunks/node_modules_next_dist_1e8vcs8._.js:776
[   75885ms] [LOG] [Fast Refresh] done in 645ms @ http://localhost:57724/_next/static/chunks/node_modules_next_dist_1e8vcs8._.js:776
[   76002ms] [LOG] [Fast Refresh] done in 645ms @ http://localhost:57724/_next/static/chunks/node_modules_next_dist_1e8vcs8._.js:776
[   76074ms] [LOG] [Fast Refresh] done in 645ms @ http://localhost:57724/_next/static/chunks/node_modules_next_dist_1e8vcs8._.js:776
[   76137ms] [LOG] [Fast Refresh] done in 645ms @ http://localhost:57724/_next/static/chunks/node_modules_next_dist_1e8vcs8._.js:776
[   76199ms] [LOG] [Fast Refresh] done in 645ms @ http://localhost:57724/_next/static/chunks/node_modules_next_dist_1e8vcs8._.js:776
[   76262ms] [LOG] [Fast Refresh] done in 645ms @ http://localhost:57724/_next/static/chunks/node_modules_next_dist_1e8vcs8._.js:776
[   76322ms] [LOG] [Fast Refresh] done in 645ms @ http://localhost:57724/_next/static/chunks/node_modules_next_dist_1e8vcs8._.js:776
[   76384ms] [LOG] [Fast Refresh] done in 645ms @ http://localhost:57724/_next/static/chunks/node_modules_next_dist_1e8vcs8._.js:776
[   76464ms] [LOG] [Fast Refresh] done in 645ms @ http://localhost:57724/_next/static/chunks/node_modules_next_dist_1e8vcs8._.js:776
[   76538ms] [LOG] [Fast Refresh] done in 645ms @ http://localhost:57724/_next/static/chunks/node_modules_next_dist_1e8vcs8._.js:776
[   76599ms] [LOG] [Fast Refresh] done in 645ms @ http://localhost:57724/_next/static/chunks/node_modules_next_dist_1e8vcs8._.js:776
[   76661ms] [LOG] [Fast Refresh] done in 645ms @ http://localhost:57724/_next/static/chunks/node_modules_next_dist_1e8vcs8._.js:776
[   76723ms] [LOG] [Fast Refresh] done in 645ms @ http://localhost:57724/_next/static/chunks/node_modules_next_dist_1e8vcs8._.js:776
[   76783ms] [LOG] [Fast Refresh] done in 645ms @ http://localhost:57724/_next/static/chunks/node_modules_next_dist_1e8vcs8._.js:776
[   76846ms] [LOG] [Fast Refresh] done in 645ms @ http://localhost:57724/_next/static/chunks/node_modules_next_dist_1e8vcs8._.js:776
[   76908ms] [LOG] [Fast Refresh] done in 645ms @ http://localhost:57724/_next/static/chunks/node_modules_next_dist_1e8vcs8._.js:776
[   76970ms] [LOG] [Fast Refresh] done in 645ms @ http://localhost:57724/_next/static/chunks/node_modules_next_dist_1e8vcs8._.js:776
[   77033ms] [LOG] [Fast Refresh] done in 645ms @ http://localhost:57724/_next/static/chunks/node_modules_next_dist_1e8vcs8._.js:776
[   77095ms] [LOG] [Fast Refresh] done in 645ms @ http://localhost:57724/_next/static/chunks/node_modules_next_dist_1e8vcs8._.js:776
[   77160ms] [LOG] [Fast Refresh] done in 645ms @ http://localhost:57724/_next/static/chunks/node_modules_next_dist_1e8vcs8._.js:776
[   77219ms] [LOG] [Fast Refresh] done in 645ms @ http://localhost:57724/_next/static/chunks/node_modules_next_dist_1e8vcs8._.js:776
[   77283ms] [LOG] [Fast Refresh] done in 645ms @ http://localhost:57724/_next/static/chunks/node_modules_next_dist_1e8vcs8._.js:776
[   77344ms] [LOG] [Fast Refresh] done in 645ms @ http://localhost:57724/_next/static/chunks/node_modules_next_dist_1e8vcs8._.js:776
[   77407ms] [LOG] [Fast Refresh] done in 645ms @ http://localhost:57724/_next/static/chunks/node_modules_next_dist_1e8vcs8._.js:776
[   77468ms] [LOG] [Fast Refresh] done in 645ms @ http://localhost:57724/_next/static/chunks/node_modules_next_dist_1e8vcs8._.js:776
[   77530ms] [LOG] [Fast Refresh] done in 645ms @ http://localhost:57724/_next/static/chunks/node_modules_next_dist_1e8vcs8._.js:776
[   77594ms] [LOG] [Fast Refresh] done in 645ms @ http://localhost:57724/_next/static/chunks/node_modules_next_dist_1e8vcs8._.js:776
[   77655ms] [LOG] [Fast Refresh] done in 645ms @ http://localhost:57724/_next/static/chunks/node_modules_next_dist_1e8vcs8._.js:776
[   77721ms] [LOG] [Fast Refresh] done in 645ms @ http://localhost:57724/_next/static/chunks/node_modules_next_dist_1e8vcs8._.js:776
[   77786ms] [LOG] [Fast Refresh] done in 645ms @ http://localhost:57724/_next/static/chunks/node_modules_next_dist_1e8vcs8._.js:776
[   77858ms] [LOG] [Fast Refresh] done in 645ms @ http://localhost:57724/_next/static/chunks/node_modules_next_dist_1e8vcs8._.js:776
[   77921ms] [LOG] [Fast Refresh] done in 645ms @ http://localhost:57724/_next/static/chunks/node_modules_next_dist_1e8vcs8._.js:776
[   77983ms] [LOG] [Fast Refresh] done in 645ms @ http://localhost:57724/_next/static/chunks/node_modules_next_dist_1e8vcs8._.js:776
[   78045ms] [LOG] [Fast Refresh] done in 645ms @ http://localhost:57724/_next/static/chunks/node_modules_next_dist_1e8vcs8._.js:776
[   78108ms] [LOG] [Fast Refresh] done in 645ms @ http://localhost:57724/_next/static/chunks/node_modules_next_dist_1e8vcs8._.js:776
[   78169ms] [LOG] [Fast Refresh] done in 645ms @ http://localhost:57724/_next/static/chunks/node_modules_next_dist_1e8vcs8._.js:776
[   78232ms] [LOG] [Fast Refresh] done in 645ms @ http://localhost:57724/_next/static/chunks/node_modules_next_dist_1e8vcs8._.js:776
[   78294ms] [LOG] [Fast Refresh] done in 645ms @ http://localhost:57724/_next/static/chunks/node_modules_next_dist_1e8vcs8._.js:776
[   78358ms] [LOG] [Fast Refresh] done in 645ms @ http://localhost:57724/_next/static/chunks/node_modules_next_dist_1e8vcs8._.js:776
[   78419ms] [LOG] [Fast Refresh] done in 645ms @ http://localhost:57724/_next/static/chunks/node_modules_next_dist_1e8vcs8._.js:776
[   78482ms] [LOG] [Fast Refresh] done in 645ms @ http://localhost:57724/_next/static/chunks/node_modules_next_dist_1e8vcs8._.js:776
[   78544ms] [LOG] [Fast Refresh] done in 645ms @ http://localhost:57724/_next/static/chunks/node_modules_next_dist_1e8vcs8._.js:776
[   78607ms] [LOG] [Fast Refresh] done in 645ms @ http://localhost:57724/_next/static/chunks/node_modules_next_dist_1e8vcs8._.js:776
[   78670ms] [LOG] [Fast Refresh] done in 645ms @ http://localhost:57724/_next/static/chunks/node_modules_next_dist_1e8vcs8._.js:776
[   78732ms] [LOG] [Fast Refresh] done in 645ms @ http://localhost:57724/_next/static/chunks/node_modules_next_dist_1e8vcs8._.js:776
[   78794ms] [LOG] [Fast Refresh] done in 645ms @ http://localhost:57724/_next/static/chunks/node_modules_next_dist_1e8vcs8._.js:776
[   78857ms] [LOG] [Fast Refresh] done in 645ms @ http://localhost:57724/_next/static/chunks/node_modules_next_dist_1e8vcs8._.js:776
[   78919ms] [LOG] [Fast Refresh] done in 645ms @ http://localhost:57724/_next/static/chunks/node_modules_next_dist_1e8vcs8._.js:776
[   78981ms] [LOG] [Fast Refresh] done in 645ms @ http://localhost:57724/_next/static/chunks/node_modules_next_dist_1e8vcs8._.js:776
[   79044ms] [LOG] [Fast Refresh] done in 645ms @ http://localhost:57724/_next/static/chunks/node_modules_next_dist_1e8vcs8._.js:776
[   79104ms] [LOG] [Fast Refresh] done in 645ms @ http://localhost:57724/_next/static/chunks/node_modules_next_dist_1e8vcs8._.js:776
[   79167ms] [LOG] [Fast Refresh] done in 645ms @ http://localhost:57724/_next/static/chunks/node_modules_next_dist_1e8vcs8._.js:776
[   79229ms] [LOG] [Fast Refresh] done in 645ms @ http://localhost:57724/_next/static/chunks/node_modules_next_dist_1e8vcs8._.js:776
[   79291ms] [LOG] [Fast Refresh] done in 645ms @ http://localhost:57724/_next/static/chunks/node_modules_next_dist_1e8vcs8._.js:776
[   79354ms] [LOG] [Fast Refresh] done in 645ms @ http://localhost:57724/_next/static/chunks/node_modules_next_dist_1e8vcs8._.js:776
[   79417ms] [LOG] [Fast Refresh] done in 645ms @ http://localhost:57724/_next/static/chunks/node_modules_next_dist_1e8vcs8._.js:776
[   79479ms] [LOG] [Fast Refresh] done in 645ms @ http://localhost:57724/_next/static/chunks/node_modules_next_dist_1e8vcs8._.js:776
[   79542ms] [LOG] [Fast Refresh] done in 645ms @ http://localhost:57724/_next/static/chunks/node_modules_next_dist_1e8vcs8._.js:776
[   79604ms] [LOG] [Fast Refresh] done in 645ms @ http://localhost:57724/_next/static/chunks/node_modules_next_dist_1e8vcs8._.js:776
[   79667ms] [LOG] [Fast Refresh] done in 645ms @ http://localhost:57724/_next/static/chunks/node_modules_next_dist_1e8vcs8._.js:776
[   79729ms] [LOG] [Fast Refresh] done in 645ms @ http://localhost:57724/_next/static/chunks/node_modules_next_dist_1e8vcs8._.js:776
[   79790ms] [LOG] [Fast Refresh] done in 645ms @ http://localhost:57724/_next/static/chunks/node_modules_next_dist_1e8vcs8._.js:776
[   79852ms] [LOG] [Fast Refresh] done in 645ms @ http://localhost:57724/_next/static/chunks/node_modules_next_dist_1e8vcs8._.js:776
[   79915ms] [LOG] [Fast Refresh] done in 645ms @ http://localhost:57724/_next/static/chunks/node_modules_next_dist_1e8vcs8._.js:776
[   79977ms] [LOG] [Fast Refresh] done in 645ms @ http://localhost:57724/_next/static/chunks/node_modules_next_dist_1e8vcs8._.js:776
[   80039ms] [LOG] [Fast Refresh] done in 645ms @ http://localhost:57724/_next/static/chunks/node_modules_next_dist_1e8vcs8._.js:776
[   80101ms] [LOG] [Fast Refresh] done in 645ms @ http://localhost:57724/_next/static/chunks/node_modules_next_dist_1e8vcs8._.js:776
[   80163ms] [LOG] [Fast Refresh] done in 645ms @ http://localhost:57724/_next/static/chunks/node_modules_next_dist_1e8vcs8._.js:776
[   80225ms] [LOG] [Fast Refresh] done in 645ms @ http://localhost:57724/_next/static/chunks/node_modules_next_dist_1e8vcs8._.js:776
[   80286ms] [LOG] [Fast Refresh] done in 645ms @ http://localhost:57724/_next/static/chunks/node_modules_next_dist_1e8vcs8._.js:776
[   80364ms] [LOG] [Fast Refresh] done in 645ms @ http://localhost:57724/_next/static/chunks/node_modules_next_dist_1e8vcs8._.js:776
[   80427ms] [LOG] [Fast Refresh] done in 645ms @ http://localhost:57724/_next/static/chunks/node_modules_next_dist_1e8vcs8._.js:776
[   80490ms] [LOG] [Fast Refresh] done in 645ms @ http://localhost:57724/_next/static/chunks/node_modules_next_dist_1e8vcs8._.js:776
[   80551ms] [LOG] [Fast Refresh] done in 645ms @ http://localhost:57724/_next/static/chunks/node_modules_next_dist_1e8vcs8._.js:776
[   80613ms] [LOG] [Fast Refresh] done in 645ms @ http://localhost:57724/_next/static/chunks/node_modules_next_dist_1e8vcs8._.js:776
[   80677ms] [LOG] [Fast Refresh] done in 645ms @ http://localhost:57724/_next/static/chunks/node_modules_next_dist_1e8vcs8._.js:776
[   80741ms] [LOG] [Fast Refresh] done in 645ms @ http://localhost:57724/_next/static/chunks/node_modules_next_dist_1e8vcs8._.js:776
[   80805ms] [LOG] [Fast Refresh] done in 645ms @ http://localhost:57724/_next/static/chunks/node_modules_next_dist_1e8vcs8._.js:776
[   80866ms] [LOG] [Fast Refresh] done in 645ms @ http://localhost:57724/_next/static/chunks/node_modules_next_dist_1e8vcs8._.js:776
[   80929ms] [LOG] [Fast Refresh] done in 645ms @ http://localhost:57724/_next/static/chunks/node_modules_next_dist_1e8vcs8._.js:776
[   80990ms] [LOG] [Fast Refresh] done in 645ms @ http://localhost:57724/_next/static/chunks/node_modules_next_dist_1e8vcs8._.js:776
[   81051ms] [LOG] [Fast Refresh] done in 645ms @ http://localhost:57724/_next/static/chunks/node_modules_next_dist_1e8vcs8._.js:776
[   81114ms] [LOG] [Fast Refresh] done in 645ms @ http://localhost:57724/_next/static/chunks/node_modules_next_dist_1e8vcs8._.js:776
[   81176ms] [LOG] [Fast Refresh] done in 645ms @ http://localhost:57724/_next/static/chunks/node_modules_next_dist_1e8vcs8._.js:776
[   81239ms] [LOG] [Fast Refresh] done in 645ms @ http://localhost:57724/_next/static/chunks/node_modules_next_dist_1e8vcs8._.js:776
[   81301ms] [LOG] [Fast Refresh] done in 645ms @ http://localhost:57724/_next/static/chunks/node_modules_next_dist_1e8vcs8._.js:776
[   81364ms] [LOG] [Fast Refresh] done in 645ms @ http://localhost:57724/_next/static/chunks/node_modules_next_dist_1e8vcs8._.js:776
[   81427ms] [LOG] [Fast Refresh] done in 645ms @ http://localhost:57724/_next/static/chunks/node_modules_next_dist_1e8vcs8._.js:776
[   81491ms] [LOG] [Fast Refresh] done in 645ms @ http://localhost:57724/_next/static/chunks/node_modules_next_dist_1e8vcs8._.js:776
[   81553ms] [LOG] [Fast Refresh] done in 645ms @ http://localhost:57724/_next/static/chunks/node_modules_next_dist_1e8vcs8._.js:776
[   81618ms] [LOG] [Fast Refresh] done in 645ms @ http://localhost:57724/_next/static/chunks/node_modules_next_dist_1e8vcs8._.js:776
[   81683ms] [LOG] [Fast Refresh] done in 645ms @ http://localhost:57724/_next/static/chunks/node_modules_next_dist_1e8vcs8._.js:776
[   81743ms] [LOG] [Fast Refresh] done in 645ms @ http://localhost:57724/_next/static/chunks/node_modules_next_dist_1e8vcs8._.js:776
[   81806ms] [LOG] [Fast Refresh] done in 645ms @ http://localhost:57724/_next/static/chunks/node_modules_next_dist_1e8vcs8._.js:776
[   81870ms] [LOG] [Fast Refresh] done in 645ms @ http://localhost:57724/_next/static/chunks/node_modules_next_dist_1e8vcs8._.js:776
[   81934ms] [LOG] [Fast Refresh] done in 645ms @ http://localhost:57724/_next/static/chunks/node_modules_next_dist_1e8vcs8._.js:776
[   81997ms] [LOG] [Fast Refresh] done in 645ms @ http://localhost:57724/_next/static/chunks/node_modules_next_dist_1e8vcs8._.js:776
[   82060ms] [LOG] [Fast Refresh] done in 645ms @ http://localhost:57724/_next/static/chunks/node_modules_next_dist_1e8vcs8._.js:776
[   82120ms] [LOG] [Fast Refresh] done in 645ms @ http://localhost:57724/_next/static/chunks/node_modules_next_dist_1e8vcs8._.js:776
[   82183ms] [LOG] [Fast Refresh] done in 645ms @ http://localhost:57724/_next/static/chunks/node_modules_next_dist_1e8vcs8._.js:776
[   82244ms] [LOG] [Fast Refresh] done in 645ms @ http://localhost:57724/_next/static/chunks/node_modules_next_dist_1e8vcs8._.js:776
[   82315ms] [LOG] [Fast Refresh] done in 645ms @ http://localhost:57724/_next/static/chunks/node_modules_next_dist_1e8vcs8._.js:776
[   82388ms] [LOG] [Fast Refresh] done in 645ms @ http://localhost:57724/_next/static/chunks/node_modules_next_dist_1e8vcs8._.js:776
[   82450ms] [LOG] [Fast Refresh] done in 645ms @ http://localhost:57724/_next/static/chunks/node_modules_next_dist_1e8vcs8._.js:776
[   82514ms] [LOG] [Fast Refresh] done in 645ms @ http://localhost:57724/_next/static/chunks/node_modules_next_dist_1e8vcs8._.js:776
[   82576ms] [LOG] [Fast Refresh] done in 645ms @ http://localhost:57724/_next/static/chunks/node_modules_next_dist_1e8vcs8._.js:776
[   82638ms] [LOG] [Fast Refresh] done in 645ms @ http://localhost:57724/_next/static/chunks/node_modules_next_dist_1e8vcs8._.js:776
[   82702ms] [LOG] [Fast Refresh] done in 645ms @ http://localhost:57724/_next/static/chunks/node_modules_next_dist_1e8vcs8._.js:776
[   82766ms] [LOG] [Fast Refresh] done in 645ms @ http://localhost:57724/_next/static/chunks/node_modules_next_dist_1e8vcs8._.js:776
[   82828ms] [LOG] [Fast Refresh] done in 645ms @ http://localhost:57724/_next/static/chunks/node_modules_next_dist_1e8vcs8._.js:776
[   82891ms] [LOG] [Fast Refresh] done in 645ms @ http://localhost:57724/_next/static/chunks/node_modules_next_dist_1e8vcs8._.js:776
[   82955ms] [LOG] [Fast Refresh] done in 645ms @ http://localhost:57724/_next/static/chunks/node_modules_next_dist_1e8vcs8._.js:776
[   83015ms] [LOG] [Fast Refresh] done in 645ms @ http://localhost:57724/_next/static/chunks/node_modules_next_dist_1e8vcs8._.js:776
[   83080ms] [LOG] [Fast Refresh] done in 645ms @ http://localhost:57724/_next/static/chunks/node_modules_next_dist_1e8vcs8._.js:776
[   83184ms] [LOG] [Fast Refresh] done in 645ms @ http://localhost:57724/_next/static/chunks/node_modules_next_dist_1e8vcs8._.js:776
[   83284ms] [LOG] [Fast Refresh] done in 645ms @ http://localhost:57724/_next/static/chunks/node_modules_next_dist_1e8vcs8._.js:776
[   83347ms] [LOG] [Fast Refresh] done in 645ms @ http://localhost:57724/_next/static/chunks/node_modules_next_dist_1e8vcs8._.js:776
[   83410ms] [LOG] [Fast Refresh] done in 645ms @ http://localhost:57724/_next/static/chunks/node_modules_next_dist_1e8vcs8._.js:776
[   83472ms] [LOG] [Fast Refresh] done in 645ms @ http://localhost:57724/_next/static/chunks/node_modules_next_dist_1e8vcs8._.js:776
[   83533ms] [LOG] [Fast Refresh] done in 645ms @ http://localhost:57724/_next/static/chunks/node_modules_next_dist_1e8vcs8._.js:776
[   83595ms] [LOG] [Fast Refresh] done in 645ms @ http://localhost:57724/_next/static/chunks/node_modules_next_dist_1e8vcs8._.js:776
[   83658ms] [LOG] [Fast Refresh] done in 645ms @ http://localhost:57724/_next/static/chunks/node_modules_next_dist_1e8vcs8._.js:776
[   83722ms] [LOG] [Fast Refresh] done in 645ms @ http://localhost:57724/_next/static/chunks/node_modules_next_dist_1e8vcs8._.js:776
[   83783ms] [LOG] [Fast Refresh] done in 645ms @ http://localhost:57724/_next/static/chunks/node_modules_next_dist_1e8vcs8._.js:776
[   83846ms] [LOG] [Fast Refresh] done in 645ms @ http://localhost:57724/_next/static/chunks/node_modules_next_dist_1e8vcs8._.js:776
[   83910ms] [LOG] [Fast Refresh] done in 645ms @ http://localhost:57724/_next/static/chunks/node_modules_next_dist_1e8vcs8._.js:776
[   83971ms] [LOG] [Fast Refresh] done in 645ms @ http://localhost:57724/_next/static/chunks/node_modules_next_dist_1e8vcs8._.js:776
[   84032ms] [LOG] [Fast Refresh] done in 645ms @ http://localhost:57724/_next/static/chunks/node_modules_next_dist_1e8vcs8._.js:776
[   84094ms] [LOG] [Fast Refresh] done in 645ms @ http://localhost:57724/_next/static/chunks/node_modules_next_dist_1e8vcs8._.js:776
[   84157ms] [LOG] [Fast Refresh] done in 645ms @ http://localhost:57724/_next/static/chunks/node_modules_next_dist_1e8vcs8._.js:776
[   84219ms] [LOG] [Fast Refresh] done in 645ms @ http://localhost:57724/_next/static/chunks/node_modules_next_dist_1e8vcs8._.js:776
[   84282ms] [LOG] [Fast Refresh] done in 645ms @ http://localhost:57724/_next/static/chunks/node_modules_next_dist_1e8vcs8._.js:776
[   84345ms] [LOG] [Fast Refresh] done in 645ms @ http://localhost:57724/_next/static/chunks/node_modules_next_dist_1e8vcs8._.js:776
[   84410ms] [LOG] [Fast Refresh] done in 645ms @ http://localhost:57724/_next/static/chunks/node_modules_next_dist_1e8vcs8._.js:776
[   84470ms] [LOG] [Fast Refresh] done in 645ms @ http://localhost:57724/_next/static/chunks/node_modules_next_dist_1e8vcs8._.js:776
[   84532ms] [LOG] [Fast Refresh] done in 645ms @ http://localhost:57724/_next/static/chunks/node_modules_next_dist_1e8vcs8._.js:776
[   84594ms] [LOG] [Fast Refresh] done in 645ms @ http://localhost:57724/_next/static/chunks/node_modules_next_dist_1e8vcs8._.js:776
[   84658ms] [LOG] [Fast Refresh] done in 645ms @ http://localhost:57724/_next/static/chunks/node_modules_next_dist_1e8vcs8._.js:776
[   84721ms] [LOG] [Fast Refresh] done in 645ms @ http://localhost:57724/_next/static/chunks/node_modules_next_dist_1e8vcs8._.js:776
[   84783ms] [LOG] [Fast Refresh] done in 645ms @ http://localhost:57724/_next/static/chunks/node_modules_next_dist_1e8vcs8._.js:776
[   84846ms] [LOG] [Fast Refresh] done in 645ms @ http://localhost:57724/_next/static/chunks/node_modules_next_dist_1e8vcs8._.js:776
[   84908ms] [LOG] [Fast Refresh] done in 645ms @ http://localhost:57724/_next/static/chunks/node_modules_next_dist_1e8vcs8._.js:776
[   84970ms] [LOG] [Fast Refresh] done in 645ms @ http://localhost:57724/_next/static/chunks/node_modules_next_dist_1e8vcs8._.js:776
[   85033ms] [LOG] [Fast Refresh] done in 645ms @ http://localhost:57724/_next/static/chunks/node_modules_next_dist_1e8vcs8._.js:776
[   85095ms] [LOG] [Fast Refresh] done in 645ms @ http://localhost:57724/_next/static/chunks/node_modules_next_dist_1e8vcs8._.js:776
[   85157ms] [LOG] [Fast Refresh] done in 645ms @ http://localhost:57724/_next/static/chunks/node_modules_next_dist_1e8vcs8._.js:776
[   85220ms] [LOG] [Fast Refresh] done in 645ms @ http://localhost:57724/_next/static/chunks/node_modules_next_dist_1e8vcs8._.js:776
[   85282ms] [LOG] [Fast Refresh] done in 645ms @ http://localhost:57724/_next/static/chunks/node_modules_next_dist_1e8vcs8._.js:776
[   85345ms] [LOG] [Fast Refresh] done in 645ms @ http://localhost:57724/_next/static/chunks/node_modules_next_dist_1e8vcs8._.js:776
[   85407ms] [LOG] [Fast Refresh] done in 645ms @ http://localhost:57724/_next/static/chunks/node_modules_next_dist_1e8vcs8._.js:776
[   85470ms] [LOG] [Fast Refresh] done in 645ms @ http://localhost:57724/_next/static/chunks/node_modules_next_dist_1e8vcs8._.js:776
[   85532ms] [LOG] [Fast Refresh] done in 645ms @ http://localhost:57724/_next/static/chunks/node_modules_next_dist_1e8vcs8._.js:776
[   85594ms] [LOG] [Fast Refresh] done in 645ms @ http://localhost:57724/_next/static/chunks/node_modules_next_dist_1e8vcs8._.js:776
[   85655ms] [LOG] [Fast Refresh] done in 645ms @ http://localhost:57724/_next/static/chunks/node_modules_next_dist_1e8vcs8._.js:776
[   85719ms] [LOG] [Fast Refresh] done in 645ms @ http://localhost:57724/_next/static/chunks/node_modules_next_dist_1e8vcs8._.js:776
[   85782ms] [LOG] [Fast Refresh] done in 645ms @ http://localhost:57724/_next/static/chunks/node_modules_next_dist_1e8vcs8._.js:776
[   85844ms] [LOG] [Fast Refresh] done in 645ms @ http://localhost:57724/_next/static/chunks/node_modules_next_dist_1e8vcs8._.js:776
[   85905ms] [LOG] [Fast Refresh] done in 645ms @ http://localhost:57724/_next/static/chunks/node_modules_next_dist_1e8vcs8._.js:776
[   85967ms] [LOG] [Fast Refresh] done in 645ms @ http://localhost:57724/_next/static/chunks/node_modules_next_dist_1e8vcs8._.js:776
[   86035ms] [LOG] [Fast Refresh] done in 645ms @ http://localhost:57724/_next/static/chunks/node_modules_next_dist_1e8vcs8._.js:776
[   86094ms] [LOG] [Fast Refresh] done in 645ms @ http://localhost:57724/_next/static/chunks/node_modules_next_dist_1e8vcs8._.js:776
[   86156ms] [LOG] [Fast Refresh] done in 645ms @ http://localhost:57724/_next/static/chunks/node_modules_next_dist_1e8vcs8._.js:776
[   86219ms] [LOG] [Fast Refresh] done in 645ms @ http://localhost:57724/_next/static/chunks/node_modules_next_dist_1e8vcs8._.js:776
[   86283ms] [LOG] [Fast Refresh] done in 645ms @ http://localhost:57724/_next/static/chunks/node_modules_next_dist_1e8vcs8._.js:776
[   86345ms] [LOG] [Fast Refresh] done in 645ms @ http://localhost:57724/_next/static/chunks/node_modules_next_dist_1e8vcs8._.js:776
[   86409ms] [LOG] [Fast Refresh] done in 645ms @ http://localhost:57724/_next/static/chunks/node_modules_next_dist_1e8vcs8._.js:776
[   86470ms] [LOG] [Fast Refresh] done in 645ms @ http://localhost:57724/_next/static/chunks/node_modules_next_dist_1e8vcs8._.js:776
[   86533ms] [LOG] [Fast Refresh] done in 645ms @ http://localhost:57724/_next/static/chunks/node_modules_next_dist_1e8vcs8._.js:776
[   86595ms] [LOG] [Fast Refresh] done in 645ms @ http://localhost:57724/_next/static/chunks/node_modules_next_dist_1e8vcs8._.js:776
[   86658ms] [LOG] [Fast Refresh] done in 645ms @ http://localhost:57724/_next/static/chunks/node_modules_next_dist_1e8vcs8._.js:776
[   86720ms] [LOG] [Fast Refresh] done in 645ms @ http://localhost:57724/_next/static/chunks/node_modules_next_dist_1e8vcs8._.js:776
[   86783ms] [LOG] [Fast Refresh] done in 645ms @ http://localhost:57724/_next/static/chunks/node_modules_next_dist_1e8vcs8._.js:776
[   86844ms] [LOG] [Fast Refresh] done in 645ms @ http://localhost:57724/_next/static/chunks/node_modules_next_dist_1e8vcs8._.js:776
[   86906ms] [LOG] [Fast Refresh] done in 645ms @ http://localhost:57724/_next/static/chunks/node_modules_next_dist_1e8vcs8._.js:776
[   86968ms] [LOG] [Fast Refresh] done in 645ms @ http://localhost:57724/_next/static/chunks/node_modules_next_dist_1e8vcs8._.js:776
[   87032ms] [LOG] [Fast Refresh] done in 645ms @ http://localhost:57724/_next/static/chunks/node_modules_next_dist_1e8vcs8._.js:776
[   87093ms] [LOG] [Fast Refresh] done in 645ms @ http://localhost:57724/_next/static/chunks/node_modules_next_dist_1e8vcs8._.js:776
[   87155ms] [LOG] [Fast Refresh] done in 645ms @ http://localhost:57724/_next/static/chunks/node_modules_next_dist_1e8vcs8._.js:776
[   87219ms] [LOG] [Fast Refresh] done in 645ms @ http://localhost:57724/_next/static/chunks/node_modules_next_dist_1e8vcs8._.js:776
[   87282ms] [LOG] [Fast Refresh] done in 645ms @ http://localhost:57724/_next/static/chunks/node_modules_next_dist_1e8vcs8._.js:776
[   87343ms] [LOG] [Fast Refresh] done in 645ms @ http://localhost:57724/_next/static/chunks/node_modules_next_dist_1e8vcs8._.js:776
[   87406ms] [LOG] [Fast Refresh] done in 645ms @ http://localhost:57724/_next/static/chunks/node_modules_next_dist_1e8vcs8._.js:776
[   87469ms] [LOG] [Fast Refresh] done in 645ms @ http://localhost:57724/_next/static/chunks/node_modules_next_dist_1e8vcs8._.js:776
[   87533ms] [LOG] [Fast Refresh] done in 645ms @ http://localhost:57724/_next/static/chunks/node_modules_next_dist_1e8vcs8._.js:776
[   87594ms] [LOG] [Fast Refresh] done in 645ms @ http://localhost:57724/_next/static/chunks/node_modules_next_dist_1e8vcs8._.js:776
[   87655ms] [LOG] [Fast Refresh] done in 645ms @ http://localhost:57724/_next/static/chunks/node_modules_next_dist_1e8vcs8._.js:776
[   87718ms] [LOG] [Fast Refresh] done in 645ms @ http://localhost:57724/_next/static/chunks/node_modules_next_dist_1e8vcs8._.js:776
[   87779ms] [LOG] [Fast Refresh] done in 645ms @ http://localhost:57724/_next/static/chunks/node_modules_next_dist_1e8vcs8._.js:776
[   87844ms] [LOG] [Fast Refresh] done in 645ms @ http://localhost:57724/_next/static/chunks/node_modules_next_dist_1e8vcs8._.js:776
[   87906ms] [LOG] [Fast Refresh] done in 645ms @ http://localhost:57724/_next/static/chunks/node_modules_next_dist_1e8vcs8._.js:776
[   87967ms] [LOG] [Fast Refresh] done in 645ms @ http://localhost:57724/_next/static/chunks/node_modules_next_dist_1e8vcs8._.js:776
[   88033ms] [LOG] [Fast Refresh] done in 645ms @ http://localhost:57724/_next/static/chunks/node_modules_next_dist_1e8vcs8._.js:776
[   88094ms] [LOG] [Fast Refresh] done in 645ms @ http://localhost:57724/_next/static/chunks/node_modules_next_dist_1e8vcs8._.js:776
[   88156ms] [LOG] [Fast Refresh] done in 645ms @ http://localhost:57724/_next/static/chunks/node_modules_next_dist_1e8vcs8._.js:776
[   88218ms] [LOG] [Fast Refresh] done in 645ms @ http://localhost:57724/_next/static/chunks/node_modules_next_dist_1e8vcs8._.js:776
[   88279ms] [LOG] [Fast Refresh] done in 645ms @ http://localhost:57724/_next/static/chunks/node_modules_next_dist_1e8vcs8._.js:776
[   88343ms] [LOG] [Fast Refresh] done in 645ms @ http://localhost:57724/_next/static/chunks/node_modules_next_dist_1e8vcs8._.js:776
[   88404ms] [LOG] [Fast Refresh] done in 645ms @ http://localhost:57724/_next/static/chunks/node_modules_next_dist_1e8vcs8._.js:776
[   88468ms] [LOG] [Fast Refresh] done in 645ms @ http://localhost:57724/_next/static/chunks/node_modules_next_dist_1e8vcs8._.js:776
[   88531ms] [LOG] [Fast Refresh] done in 645ms @ http://localhost:57724/_next/static/chunks/node_modules_next_dist_1e8vcs8._.js:776
[   88593ms] [LOG] [Fast Refresh] done in 645ms @ http://localhost:57724/_next/static/chunks/node_modules_next_dist_1e8vcs8._.js:776
[   88656ms] [LOG] [Fast Refresh] done in 645ms @ http://localhost:57724/_next/static/chunks/node_modules_next_dist_1e8vcs8._.js:776
[   88718ms] [LOG] [Fast Refresh] done in 645ms @ http://localhost:57724/_next/static/chunks/node_modules_next_dist_1e8vcs8._.js:776
[   88781ms] [LOG] [Fast Refresh] done in 645ms @ http://localhost:57724/_next/static/chunks/node_modules_next_dist_1e8vcs8._.js:776
[   88842ms] [LOG] [Fast Refresh] done in 645ms @ http://localhost:57724/_next/static/chunks/node_modules_next_dist_1e8vcs8._.js:776
[   88904ms] [LOG] [Fast Refresh] done in 645ms @ http://localhost:57724/_next/static/chunks/node_modules_next_dist_1e8vcs8._.js:776
[   88966ms] [LOG] [Fast Refresh] done in 645ms @ http://localhost:57724/_next/static/chunks/node_modules_next_dist_1e8vcs8._.js:776
[   89028ms] [LOG] [Fast Refresh] done in 645ms @ http://localhost:57724/_next/static/chunks/node_modules_next_dist_1e8vcs8._.js:776
[   89090ms] [LOG] [Fast Refresh] done in 645ms @ http://localhost:57724/_next/static/chunks/node_modules_next_dist_1e8vcs8._.js:776
[   89151ms] [LOG] [Fast Refresh] done in 645ms @ http://localhost:57724/_next/static/chunks/node_modules_next_dist_1e8vcs8._.js:776
[   89214ms] [LOG] [Fast Refresh] done in 645ms @ http://localhost:57724/_next/static/chunks/node_modules_next_dist_1e8vcs8._.js:776
[   89278ms] [LOG] [Fast Refresh] done in 645ms @ http://localhost:57724/_next/static/chunks/node_modules_next_dist_1e8vcs8._.js:776
[   89341ms] [LOG] [Fast Refresh] done in 645ms @ http://localhost:57724/_next/static/chunks/node_modules_next_dist_1e8vcs8._.js:776
[   89403ms] [LOG] [Fast Refresh] done in 645ms @ http://localhost:57724/_next/static/chunks/node_modules_next_dist_1e8vcs8._.js:776
[   89465ms] [LOG] [Fast Refresh] done in 645ms @ http://localhost:57724/_next/static/chunks/node_modules_next_dist_1e8vcs8._.js:776
[   89526ms] [LOG] [Fast Refresh] done in 645ms @ http://localhost:57724/_next/static/chunks/node_modules_next_dist_1e8vcs8._.js:776
[   89588ms] [LOG] [Fast Refresh] done in 645ms @ http://localhost:57724/_next/static/chunks/node_modules_next_dist_1e8vcs8._.js:776
[   89651ms] [LOG] [Fast Refresh] done in 645ms @ http://localhost:57724/_next/static/chunks/node_modules_next_dist_1e8vcs8._.js:776
[   89713ms] [LOG] [Fast Refresh] done in 645ms @ http://localhost:57724/_next/static/chunks/node_modules_next_dist_1e8vcs8._.js:776
[   89776ms] [LOG] [Fast Refresh] done in 645ms @ http://localhost:57724/_next/static/chunks/node_modules_next_dist_1e8vcs8._.js:776
[   89838ms] [LOG] [Fast Refresh] done in 645ms @ http://localhost:57724/_next/static/chunks/node_modules_next_dist_1e8vcs8._.js:776
[   89901ms] [LOG] [Fast Refresh] done in 645ms @ http://localhost:57724/_next/static/chunks/node_modules_next_dist_1e8vcs8._.js:776
[   89965ms] [LOG] [Fast Refresh] done in 645ms @ http://localhost:57724/_next/static/chunks/node_modules_next_dist_1e8vcs8._.js:776
[   90026ms] [LOG] [Fast Refresh] done in 645ms @ http://localhost:57724/_next/static/chunks/node_modules_next_dist_1e8vcs8._.js:776
[   90104ms] [LOG] [Fast Refresh] done in 645ms @ http://localhost:57724/_next/static/chunks/node_modules_next_dist_1e8vcs8._.js:776
[   90166ms] [LOG] [Fast Refresh] done in 645ms @ http://localhost:57724/_next/static/chunks/node_modules_next_dist_1e8vcs8._.js:776
[   90228ms] [LOG] [Fast Refresh] done in 645ms @ http://localhost:57724/_next/static/chunks/node_modules_next_dist_1e8vcs8._.js:776
[   90291ms] [LOG] [Fast Refresh] done in 645ms @ http://localhost:57724/_next/static/chunks/node_modules_next_dist_1e8vcs8._.js:776
[   90353ms] [LOG] [Fast Refresh] done in 645ms @ http://localhost:57724/_next/static/chunks/node_modules_next_dist_1e8vcs8._.js:776
[   90414ms] [LOG] [Fast Refresh] done in 645ms @ http://localhost:57724/_next/static/chunks/node_modules_next_dist_1e8vcs8._.js:776
[   90477ms] [LOG] [Fast Refresh] done in 645ms @ http://localhost:57724/_next/static/chunks/node_modules_next_dist_1e8vcs8._.js:776
[   90540ms] [LOG] [Fast Refresh] done in 645ms @ http://localhost:57724/_next/static/chunks/node_modules_next_dist_1e8vcs8._.js:776
[   90601ms] [LOG] [Fast Refresh] done in 645ms @ http://localhost:57724/_next/static/chunks/node_modules_next_dist_1e8vcs8._.js:776
[   90663ms] [LOG] [Fast Refresh] done in 645ms @ http://localhost:57724/_next/static/chunks/node_modules_next_dist_1e8vcs8._.js:776
[   90726ms] [LOG] [Fast Refresh] done in 645ms @ http://localhost:57724/_next/static/chunks/node_modules_next_dist_1e8vcs8._.js:776
[   90789ms] [LOG] [Fast Refresh] done in 645ms @ http://localhost:57724/_next/static/chunks/node_modules_next_dist_1e8vcs8._.js:776
[   90851ms] [LOG] [Fast Refresh] done in 645ms @ http://localhost:57724/_next/static/chunks/node_modules_next_dist_1e8vcs8._.js:776
[   90914ms] [LOG] [Fast Refresh] done in 645ms @ http://localhost:57724/_next/static/chunks/node_modules_next_dist_1e8vcs8._.js:776
[   90977ms] [LOG] [Fast Refresh] done in 645ms @ http://localhost:57724/_next/static/chunks/node_modules_next_dist_1e8vcs8._.js:776
[   91040ms] [LOG] [Fast Refresh] done in 645ms @ http://localhost:57724/_next/static/chunks/node_modules_next_dist_1e8vcs8._.js:776
[   91101ms] [LOG] [Fast Refresh] done in 645ms @ http://localhost:57724/_next/static/chunks/node_modules_next_dist_1e8vcs8._.js:776
[   91149ms] [LOG] [Fast Refresh] done in 645ms @ http://localhost:57724/_next/static/chunks/node_modules_next_dist_1e8vcs8._.js:776
[   91212ms] [LOG] [Fast Refresh] done in 645ms @ http://localhost:57724/_next/static/chunks/node_modules_next_dist_1e8vcs8._.js:776
[   91274ms] [LOG] [Fast Refresh] done in 645ms @ http://localhost:57724/_next/static/chunks/node_modules_next_dist_1e8vcs8._.js:776
[   91337ms] [LOG] [Fast Refresh] done in 645ms @ http://localhost:57724/_next/static/chunks/node_modules_next_dist_1e8vcs8._.js:776
[   91398ms] [LOG] [Fast Refresh] done in 645ms @ http://localhost:57724/_next/static/chunks/node_modules_next_dist_1e8vcs8._.js:776
[   91459ms] [LOG] [Fast Refresh] done in 645ms @ http://localhost:57724/_next/static/chunks/node_modules_next_dist_1e8vcs8._.js:776
[   91523ms] [LOG] [Fast Refresh] done in 645ms @ http://localhost:57724/_next/static/chunks/node_modules_next_dist_1e8vcs8._.js:776
[   91585ms] [LOG] [Fast Refresh] done in 645ms @ http://localhost:57724/_next/static/chunks/node_modules_next_dist_1e8vcs8._.js:776
[   91647ms] [LOG] [Fast Refresh] done in 645ms @ http://localhost:57724/_next/static/chunks/node_modules_next_dist_1e8vcs8._.js:776
[   91708ms] [LOG] [Fast Refresh] done in 645ms @ http://localhost:57724/_next/static/chunks/node_modules_next_dist_1e8vcs8._.js:776
[   91771ms] [LOG] [Fast Refresh] done in 645ms @ http://localhost:57724/_next/static/chunks/node_modules_next_dist_1e8vcs8._.js:776
[   91834ms] [LOG] [Fast Refresh] done in 645ms @ http://localhost:57724/_next/static/chunks/node_modules_next_dist_1e8vcs8._.js:776
[   91896ms] [LOG] [Fast Refresh] done in 645ms @ http://localhost:57724/_next/static/chunks/node_modules_next_dist_1e8vcs8._.js:776
[   91959ms] [LOG] [Fast Refresh] done in 645ms @ http://localhost:57724/_next/static/chunks/node_modules_next_dist_1e8vcs8._.js:776
[   92020ms] [LOG] [Fast Refresh] done in 645ms @ http://localhost:57724/_next/static/chunks/node_modules_next_dist_1e8vcs8._.js:776
[   92083ms] [LOG] [Fast Refresh] done in 645ms @ http://localhost:57724/_next/static/chunks/node_modules_next_dist_1e8vcs8._.js:776
[   92146ms] [LOG] [Fast Refresh] done in 645ms @ http://localhost:57724/_next/static/chunks/node_modules_next_dist_1e8vcs8._.js:776
[   92194ms] [LOG] [Fast Refresh] done in 645ms @ http://localhost:57724/_next/static/chunks/node_modules_next_dist_1e8vcs8._.js:776
[   92253ms] [LOG] [Fast Refresh] done in 645ms @ http://localhost:57724/_next/static/chunks/node_modules_next_dist_1e8vcs8._.js:776
[   92318ms] [LOG] [Fast Refresh] done in 645ms @ http://localhost:57724/_next/static/chunks/node_modules_next_dist_1e8vcs8._.js:776
[   92411ms] [LOG] [Fast Refresh] done in 645ms @ http://localhost:57724/_next/static/chunks/node_modules_next_dist_1e8vcs8._.js:776
[   92473ms] [LOG] [Fast Refresh] done in 645ms @ http://localhost:57724/_next/static/chunks/node_modules_next_dist_1e8vcs8._.js:776
[   92536ms] [LOG] [Fast Refresh] done in 645ms @ http://localhost:57724/_next/static/chunks/node_modules_next_dist_1e8vcs8._.js:776
[   92599ms] [LOG] [Fast Refresh] done in 645ms @ http://localhost:57724/_next/static/chunks/node_modules_next_dist_1e8vcs8._.js:776
[   92661ms] [LOG] [Fast Refresh] done in 645ms @ http://localhost:57724/_next/static/chunks/node_modules_next_dist_1e8vcs8._.js:776
[   92723ms] [LOG] [Fast Refresh] done in 645ms @ http://localhost:57724/_next/static/chunks/node_modules_next_dist_1e8vcs8._.js:776
[   92786ms] [LOG] [Fast Refresh] done in 645ms @ http://localhost:57724/_next/static/chunks/node_modules_next_dist_1e8vcs8._.js:776
[   92848ms] [LOG] [Fast Refresh] done in 645ms @ http://localhost:57724/_next/static/chunks/node_modules_next_dist_1e8vcs8._.js:776
[   92911ms] [LOG] [Fast Refresh] done in 645ms @ http://localhost:57724/_next/static/chunks/node_modules_next_dist_1e8vcs8._.js:776
[   92972ms] [LOG] [Fast Refresh] done in 645ms @ http://localhost:57724/_next/static/chunks/node_modules_next_dist_1e8vcs8._.js:776
[   93036ms] [LOG] [Fast Refresh] done in 645ms @ http://localhost:57724/_next/static/chunks/node_modules_next_dist_1e8vcs8._.js:776
[   93099ms] [LOG] [Fast Refresh] done in 645ms @ http://localhost:57724/_next/static/chunks/node_modules_next_dist_1e8vcs8._.js:776
[   93162ms] [LOG] [Fast Refresh] done in 645ms @ http://localhost:57724/_next/static/chunks/node_modules_next_dist_1e8vcs8._.js:776
[   93224ms] [LOG] [Fast Refresh] done in 645ms @ http://localhost:57724/_next/static/chunks/node_modules_next_dist_1e8vcs8._.js:776
[   93286ms] [LOG] [Fast Refresh] done in 645ms @ http://localhost:57724/_next/static/chunks/node_modules_next_dist_1e8vcs8._.js:776
[   93348ms] [LOG] [Fast Refresh] done in 645ms @ http://localhost:57724/_next/static/chunks/node_modules_next_dist_1e8vcs8._.js:776
[   93411ms] [LOG] [Fast Refresh] done in 645ms @ http://localhost:57724/_next/static/chunks/node_modules_next_dist_1e8vcs8._.js:776
[   93473ms] [LOG] [Fast Refresh] done in 645ms @ http://localhost:57724/_next/static/chunks/node_modules_next_dist_1e8vcs8._.js:776
[   93535ms] [LOG] [Fast Refresh] done in 645ms @ http://localhost:57724/_next/static/chunks/node_modules_next_dist_1e8vcs8._.js:776
[   93599ms] [LOG] [Fast Refresh] done in 645ms @ http://localhost:57724/_next/static/chunks/node_modules_next_dist_1e8vcs8._.js:776
[   93662ms] [LOG] [Fast Refresh] done in 645ms @ http://localhost:57724/_next/static/chunks/node_modules_next_dist_1e8vcs8._.js:776
[   93725ms] [LOG] [Fast Refresh] done in 645ms @ http://localhost:57724/_next/static/chunks/node_modules_next_dist_1e8vcs8._.js:776
[   93786ms] [LOG] [Fast Refresh] done in 645ms @ http://localhost:57724/_next/static/chunks/node_modules_next_dist_1e8vcs8._.js:776
[   93850ms] [LOG] [Fast Refresh] done in 645ms @ http://localhost:57724/_next/static/chunks/node_modules_next_dist_1e8vcs8._.js:776
[   93913ms] [LOG] [Fast Refresh] done in 645ms @ http://localhost:57724/_next/static/chunks/node_modules_next_dist_1e8vcs8._.js:776
[   93975ms] [LOG] [Fast Refresh] done in 645ms @ http://localhost:57724/_next/static/chunks/node_modules_next_dist_1e8vcs8._.js:776
[   94039ms] [LOG] [Fast Refresh] done in 645ms @ http://localhost:57724/_next/static/chunks/node_modules_next_dist_1e8vcs8._.js:776
[   94100ms] [LOG] [Fast Refresh] done in 645ms @ http://localhost:57724/_next/static/chunks/node_modules_next_dist_1e8vcs8._.js:776
[   94162ms] [LOG] [Fast Refresh] done in 645ms @ http://localhost:57724/_next/static/chunks/node_modules_next_dist_1e8vcs8._.js:776
[   94225ms] [LOG] [Fast Refresh] done in 645ms @ http://localhost:57724/_next/static/chunks/node_modules_next_dist_1e8vcs8._.js:776
[   94288ms] [LOG] [Fast Refresh] done in 645ms @ http://localhost:57724/_next/static/chunks/node_modules_next_dist_1e8vcs8._.js:776
[   94351ms] [LOG] [Fast Refresh] done in 645ms @ http://localhost:57724/_next/static/chunks/node_modules_next_dist_1e8vcs8._.js:776
[   94413ms] [LOG] [Fast Refresh] done in 645ms @ http://localhost:57724/_next/static/chunks/node_modules_next_dist_1e8vcs8._.js:776
[   94474ms] [LOG] [Fast Refresh] done in 645ms @ http://localhost:57724/_next/static/chunks/node_modules_next_dist_1e8vcs8._.js:776
[   94537ms] [LOG] [Fast Refresh] done in 645ms @ http://localhost:57724/_next/static/chunks/node_modules_next_dist_1e8vcs8._.js:776
[   94601ms] [LOG] [Fast Refresh] done in 645ms @ http://localhost:57724/_next/static/chunks/node_modules_next_dist_1e8vcs8._.js:776
[   94663ms] [LOG] [Fast Refresh] done in 645ms @ http://localhost:57724/_next/static/chunks/node_modules_next_dist_1e8vcs8._.js:776
[   94726ms] [LOG] [Fast Refresh] done in 645ms @ http://localhost:57724/_next/static/chunks/node_modules_next_dist_1e8vcs8._.js:776
[   94788ms] [LOG] [Fast Refresh] done in 645ms @ http://localhost:57724/_next/static/chunks/node_modules_next_dist_1e8vcs8._.js:776
[   94851ms] [LOG] [Fast Refresh] done in 645ms @ http://localhost:57724/_next/static/chunks/node_modules_next_dist_1e8vcs8._.js:776
[   94912ms] [LOG] [Fast Refresh] done in 645ms @ http://localhost:57724/_next/static/chunks/node_modules_next_dist_1e8vcs8._.js:776
[   94975ms] [LOG] [Fast Refresh] done in 645ms @ http://localhost:57724/_next/static/chunks/node_modules_next_dist_1e8vcs8._.js:776
[   95036ms] [LOG] [Fast Refresh] done in 645ms @ http://localhost:57724/_next/static/chunks/node_modules_next_dist_1e8vcs8._.js:776
[   95099ms] [LOG] [Fast Refresh] done in 645ms @ http://localhost:57724/_next/static/chunks/node_modules_next_dist_1e8vcs8._.js:776
[   95162ms] [LOG] [Fast Refresh] done in 645ms @ http://localhost:57724/_next/static/chunks/node_modules_next_dist_1e8vcs8._.js:776
[   95225ms] [LOG] [Fast Refresh] done in 645ms @ http://localhost:57724/_next/static/chunks/node_modules_next_dist_1e8vcs8._.js:776
[   95286ms] [LOG] [Fast Refresh] done in 645ms @ http://localhost:57724/_next/static/chunks/node_modules_next_dist_1e8vcs8._.js:776
[   95348ms] [LOG] [Fast Refresh] done in 645ms @ http://localhost:57724/_next/static/chunks/node_modules_next_dist_1e8vcs8._.js:776
[   95411ms] [LOG] [Fast Refresh] done in 645ms @ http://localhost:57724/_next/static/chunks/node_modules_next_dist_1e8vcs8._.js:776
[   95474ms] [LOG] [Fast Refresh] done in 645ms @ http://localhost:57724/_next/static/chunks/node_modules_next_dist_1e8vcs8._.js:776
[   95536ms] [LOG] [Fast Refresh] done in 645ms @ http://localhost:57724/_next/static/chunks/node_modules_next_dist_1e8vcs8._.js:776
[   95598ms] [LOG] [Fast Refresh] done in 645ms @ http://localhost:57724/_next/static/chunks/node_modules_next_dist_1e8vcs8._.js:776
[   95661ms] [LOG] [Fast Refresh] done in 645ms @ http://localhost:57724/_next/static/chunks/node_modules_next_dist_1e8vcs8._.js:776
[   95723ms] [LOG] [Fast Refresh] done in 645ms @ http://localhost:57724/_next/static/chunks/node_modules_next_dist_1e8vcs8._.js:776
[   95784ms] [LOG] [Fast Refresh] done in 645ms @ http://localhost:57724/_next/static/chunks/node_modules_next_dist_1e8vcs8._.js:776
[   95847ms] [LOG] [Fast Refresh] done in 645ms @ http://localhost:57724/_next/static/chunks/node_modules_next_dist_1e8vcs8._.js:776
[   95910ms] [LOG] [Fast Refresh] done in 645ms @ http://localhost:57724/_next/static/chunks/node_modules_next_dist_1e8vcs8._.js:776
[   95972ms] [LOG] [Fast Refresh] done in 645ms @ http://localhost:57724/_next/static/chunks/node_modules_next_dist_1e8vcs8._.js:776
[   96034ms] [LOG] [Fast Refresh] done in 645ms @ http://localhost:57724/_next/static/chunks/node_modules_next_dist_1e8vcs8._.js:776
[   96098ms] [LOG] [Fast Refresh] done in 645ms @ http://localhost:57724/_next/static/chunks/node_modules_next_dist_1e8vcs8._.js:776
[   96157ms] [LOG] [Fast Refresh] done in 645ms @ http://localhost:57724/_next/static/chunks/node_modules_next_dist_1e8vcs8._.js:776
[   96219ms] [LOG] [Fast Refresh] done in 645ms @ http://localhost:57724/_next/static/chunks/node_modules_next_dist_1e8vcs8._.js:776
[   96282ms] [LOG] [Fast Refresh] done in 645ms @ http://localhost:57724/_next/static/chunks/node_modules_next_dist_1e8vcs8._.js:776
[   96344ms] [LOG] [Fast Refresh] done in 645ms @ http://localhost:57724/_next/static/chunks/node_modules_next_dist_1e8vcs8._.js:776
[   96406ms] [LOG] [Fast Refresh] done in 645ms @ http://localhost:57724/_next/static/chunks/node_modules_next_dist_1e8vcs8._.js:776
[   96469ms] [LOG] [Fast Refresh] done in 645ms @ http://localhost:57724/_next/static/chunks/node_modules_next_dist_1e8vcs8._.js:776
[   96531ms] [LOG] [Fast Refresh] done in 645ms @ http://localhost:57724/_next/static/chunks/node_modules_next_dist_1e8vcs8._.js:776
[   96594ms] [LOG] [Fast Refresh] done in 645ms @ http://localhost:57724/_next/static/chunks/node_modules_next_dist_1e8vcs8._.js:776
[   96656ms] [LOG] [Fast Refresh] done in 645ms @ http://localhost:57724/_next/static/chunks/node_modules_next_dist_1e8vcs8._.js:776
[   96718ms] [LOG] [Fast Refresh] done in 645ms @ http://localhost:57724/_next/static/chunks/node_modules_next_dist_1e8vcs8._.js:776
[   96780ms] [LOG] [Fast Refresh] done in 645ms @ http://localhost:57724/_next/static/chunks/node_modules_next_dist_1e8vcs8._.js:776
[   96842ms] [LOG] [Fast Refresh] done in 645ms @ http://localhost:57724/_next/static/chunks/node_modules_next_dist_1e8vcs8._.js:776
[   96905ms] [LOG] [Fast Refresh] done in 645ms @ http://localhost:57724/_next/static/chunks/node_modules_next_dist_1e8vcs8._.js:776
[   96968ms] [LOG] [Fast Refresh] done in 645ms @ http://localhost:57724/_next/static/chunks/node_modules_next_dist_1e8vcs8._.js:776
[   97030ms] [LOG] [Fast Refresh] done in 645ms @ http://localhost:57724/_next/static/chunks/node_modules_next_dist_1e8vcs8._.js:776
[   97093ms] [LOG] [Fast Refresh] done in 645ms @ http://localhost:57724/_next/static/chunks/node_modules_next_dist_1e8vcs8._.js:776
[   97154ms] [LOG] [Fast Refresh] done in 645ms @ http://localhost:57724/_next/static/chunks/node_modules_next_dist_1e8vcs8._.js:776
[   97216ms] [LOG] [Fast Refresh] done in 645ms @ http://localhost:57724/_next/static/chunks/node_modules_next_dist_1e8vcs8._.js:776
[   97281ms] [LOG] [Fast Refresh] done in 645ms @ http://localhost:57724/_next/static/chunks/node_modules_next_dist_1e8vcs8._.js:776
[   97343ms] [LOG] [Fast Refresh] done in 645ms @ http://localhost:57724/_next/static/chunks/node_modules_next_dist_1e8vcs8._.js:776
[   97405ms] [LOG] [Fast Refresh] done in 645ms @ http://localhost:57724/_next/static/chunks/node_modules_next_dist_1e8vcs8._.js:776
[   97468ms] [LOG] [Fast Refresh] done in 645ms @ http://localhost:57724/_next/static/chunks/node_modules_next_dist_1e8vcs8._.js:776
[   97530ms] [LOG] [Fast Refresh] done in 645ms @ http://localhost:57724/_next/static/chunks/node_modules_next_dist_1e8vcs8._.js:776
[   97591ms] [LOG] [Fast Refresh] done in 645ms @ http://localhost:57724/_next/static/chunks/node_modules_next_dist_1e8vcs8._.js:776
[   97654ms] [LOG] [Fast Refresh] done in 645ms @ http://localhost:57724/_next/static/chunks/node_modules_next_dist_1e8vcs8._.js:776
[   97717ms] [LOG] [Fast Refresh] done in 645ms @ http://localhost:57724/_next/static/chunks/node_modules_next_dist_1e8vcs8._.js:776
[   97779ms] [LOG] [Fast Refresh] done in 645ms @ http://localhost:57724/_next/static/chunks/node_modules_next_dist_1e8vcs8._.js:776
[   97843ms] [LOG] [Fast Refresh] done in 645ms @ http://localhost:57724/_next/static/chunks/node_modules_next_dist_1e8vcs8._.js:776
[   97904ms] [LOG] [Fast Refresh] done in 645ms @ http://localhost:57724/_next/static/chunks/node_modules_next_dist_1e8vcs8._.js:776
[   97967ms] [LOG] [Fast Refresh] done in 645ms @ http://localhost:57724/_next/static/chunks/node_modules_next_dist_1e8vcs8._.js:776
[   98031ms] [LOG] [Fast Refresh] done in 645ms @ http://localhost:57724/_next/static/chunks/node_modules_next_dist_1e8vcs8._.js:776
[   98095ms] [LOG] [Fast Refresh] done in 645ms @ http://localhost:57724/_next/static/chunks/node_modules_next_dist_1e8vcs8._.js:776
[   98157ms] [LOG] [Fast Refresh] done in 645ms @ http://localhost:57724/_next/static/chunks/node_modules_next_dist_1e8vcs8._.js:776
[   98220ms] [LOG] [Fast Refresh] done in 645ms @ http://localhost:57724/_next/static/chunks/node_modules_next_dist_1e8vcs8._.js:776
[   98283ms] [LOG] [Fast Refresh] done in 645ms @ http://localhost:57724/_next/static/chunks/node_modules_next_dist_1e8vcs8._.js:776
[   98349ms] [LOG] [Fast Refresh] done in 645ms @ http://localhost:57724/_next/static/chunks/node_modules_next_dist_1e8vcs8._.js:776
[   98411ms] [LOG] [Fast Refresh] done in 645ms @ http://localhost:57724/_next/static/chunks/node_modules_next_dist_1e8vcs8._.js:776
[   98473ms] [LOG] [Fast Refresh] done in 645ms @ http://localhost:57724/_next/static/chunks/node_modules_next_dist_1e8vcs8._.js:776
[   98537ms] [LOG] [Fast Refresh] done in 645ms @ http://localhost:57724/_next/static/chunks/node_modules_next_dist_1e8vcs8._.js:776
[   98600ms] [LOG] [Fast Refresh] done in 645ms @ http://localhost:57724/_next/static/chunks/node_modules_next_dist_1e8vcs8._.js:776
[   98662ms] [LOG] [Fast Refresh] done in 645ms @ http://localhost:57724/_next/static/chunks/node_modules_next_dist_1e8vcs8._.js:776
[   98724ms] [LOG] [Fast Refresh] done in 645ms @ http://localhost:57724/_next/static/chunks/node_modules_next_dist_1e8vcs8._.js:776
[   98789ms] [LOG] [Fast Refresh] done in 645ms @ http://localhost:57724/_next/static/chunks/node_modules_next_dist_1e8vcs8._.js:776
[   98866ms] [LOG] [Fast Refresh] done in 645ms @ http://localhost:57724/_next/static/chunks/node_modules_next_dist_1e8vcs8._.js:776
[   98928ms] [LOG] [Fast Refresh] done in 645ms @ http://localhost:57724/_next/static/chunks/node_modules_next_dist_1e8vcs8._.js:776
[   98991ms] [LOG] [Fast Refresh] done in 645ms @ http://localhost:57724/_next/static/chunks/node_modules_next_dist_1e8vcs8._.js:776
[   99054ms] [LOG] [Fast Refresh] done in 645ms @ http://localhost:57724/_next/static/chunks/node_modules_next_dist_1e8vcs8._.js:776
[   99117ms] [LOG] [Fast Refresh] done in 645ms @ http://localhost:57724/_next/static/chunks/node_modules_next_dist_1e8vcs8._.js:776
[   99178ms] [LOG] [Fast Refresh] done in 645ms @ http://localhost:57724/_next/static/chunks/node_modules_next_dist_1e8vcs8._.js:776
[   99240ms] [LOG] [Fast Refresh] done in 645ms @ http://localhost:57724/_next/static/chunks/node_modules_next_dist_1e8vcs8._.js:776
[   99303ms] [LOG] [Fast Refresh] done in 645ms @ http://localhost:57724/_next/static/chunks/node_modules_next_dist_1e8vcs8._.js:776
[   99364ms] [LOG] [Fast Refresh] done in 645ms @ http://localhost:57724/_next/static/chunks/node_modules_next_dist_1e8vcs8._.js:776
[   99426ms] [LOG] [Fast Refresh] done in 645ms @ http://localhost:57724/_next/static/chunks/node_modules_next_dist_1e8vcs8._.js:776
[   99488ms] [LOG] [Fast Refresh] done in 645ms @ http://localhost:57724/_next/static/chunks/node_modules_next_dist_1e8vcs8._.js:776
[   99549ms] [LOG] [Fast Refresh] done in 645ms @ http://localhost:57724/_next/static/chunks/node_modules_next_dist_1e8vcs8._.js:776
[   99612ms] [LOG] [Fast Refresh] done in 645ms @ http://localhost:57724/_next/static/chunks/node_modules_next_dist_1e8vcs8._.js:776
[   99675ms] [LOG] [Fast Refresh] done in 645ms @ http://localhost:57724/_next/static/chunks/node_modules_next_dist_1e8vcs8._.js:776
[   99737ms] [LOG] [Fast Refresh] done in 645ms @ http://localhost:57724/_next/static/chunks/node_modules_next_dist_1e8vcs8._.js:776
[   99799ms] [LOG] [Fast Refresh] done in 645ms @ http://localhost:57724/_next/static/chunks/node_modules_next_dist_1e8vcs8._.js:776
[   99862ms] [LOG] [Fast Refresh] done in 645ms @ http://localhost:57724/_next/static/chunks/node_modules_next_dist_1e8vcs8._.js:776
[   99924ms] [LOG] [Fast Refresh] done in 645ms @ http://localhost:57724/_next/static/chunks/node_modules_next_dist_1e8vcs8._.js:776
[   99986ms] [LOG] [Fast Refresh] done in 645ms @ http://localhost:57724/_next/static/chunks/node_modules_next_dist_1e8vcs8._.js:776
[  100048ms] [LOG] [Fast Refresh] done in 645ms @ http://localhost:57724/_next/static/chunks/node_modules_next_dist_1e8vcs8._.js:776
[  100111ms] [LOG] [Fast Refresh] done in 645ms @ http://localhost:57724/_next/static/chunks/node_modules_next_dist_1e8vcs8._.js:776
[  100173ms] [LOG] [Fast Refresh] done in 645ms @ http://localhost:57724/_next/static/chunks/node_modules_next_dist_1e8vcs8._.js:776
[  100235ms] [LOG] [Fast Refresh] done in 645ms @ http://localhost:57724/_next/static/chunks/node_modules_next_dist_1e8vcs8._.js:776
[  100298ms] [LOG] [Fast Refresh] done in 645ms @ http://localhost:57724/_next/static/chunks/node_modules_next_dist_1e8vcs8._.js:776
[  100362ms] [LOG] [Fast Refresh] done in 645ms @ http://localhost:57724/_next/static/chunks/node_modules_next_dist_1e8vcs8._.js:776
[  100424ms] [LOG] [Fast Refresh] done in 645ms @ http://localhost:57724/_next/static/chunks/node_modules_next_dist_1e8vcs8._.js:776
[  100488ms] [LOG] [Fast Refresh] done in 645ms @ http://localhost:57724/_next/static/chunks/node_modules_next_dist_1e8vcs8._.js:776
[  100551ms] [LOG] [Fast Refresh] done in 645ms @ http://localhost:57724/_next/static/chunks/node_modules_next_dist_1e8vcs8._.js:776
[  100613ms] [LOG] [Fast Refresh] done in 645ms @ http://localhost:57724/_next/static/chunks/node_modules_next_dist_1e8vcs8._.js:776
[  100675ms] [LOG] [Fast Refresh] done in 645ms @ http://localhost:57724/_next/static/chunks/node_modules_next_dist_1e8vcs8._.js:776
[  100737ms] [LOG] [Fast Refresh] done in 645ms @ http://localhost:57724/_next/static/chunks/node_modules_next_dist_1e8vcs8._.js:776
[  100799ms] [LOG] [Fast Refresh] done in 645ms @ http://localhost:57724/_next/static/chunks/node_modules_next_dist_1e8vcs8._.js:776
[  100861ms] [LOG] [Fast Refresh] done in 645ms @ http://localhost:57724/_next/static/chunks/node_modules_next_dist_1e8vcs8._.js:776
[  100926ms] [LOG] [Fast Refresh] done in 645ms @ http://localhost:57724/_next/static/chunks/node_modules_next_dist_1e8vcs8._.js:776
[  100987ms] [LOG] [Fast Refresh] done in 645ms @ http://localhost:57724/_next/static/chunks/node_modules_next_dist_1e8vcs8._.js:776
[  101049ms] [LOG] [Fast Refresh] done in 645ms @ http://localhost:57724/_next/static/chunks/node_modules_next_dist_1e8vcs8._.js:776
[  101111ms] [LOG] [Fast Refresh] done in 645ms @ http://localhost:57724/_next/static/chunks/node_modules_next_dist_1e8vcs8._.js:776
[  101177ms] [LOG] [Fast Refresh] done in 645ms @ http://localhost:57724/_next/static/chunks/node_modules_next_dist_1e8vcs8._.js:776
[  101239ms] [LOG] [Fast Refresh] done in 645ms @ http://localhost:57724/_next/static/chunks/node_modules_next_dist_1e8vcs8._.js:776
[  101301ms] [LOG] [Fast Refresh] done in 645ms @ http://localhost:57724/_next/static/chunks/node_modules_next_dist_1e8vcs8._.js:776
[  101364ms] [LOG] [Fast Refresh] done in 645ms @ http://localhost:57724/_next/static/chunks/node_modules_next_dist_1e8vcs8._.js:776
[  101425ms] [LOG] [Fast Refresh] done in 645ms @ http://localhost:57724/_next/static/chunks/node_modules_next_dist_1e8vcs8._.js:776
[  101487ms] [LOG] [Fast Refresh] done in 645ms @ http://localhost:57724/_next/static/chunks/node_modules_next_dist_1e8vcs8._.js:776
[  101548ms] [LOG] [Fast Refresh] done in 645ms @ http://localhost:57724/_next/static/chunks/node_modules_next_dist_1e8vcs8._.js:776
[  101611ms] [LOG] [Fast Refresh] done in 645ms @ http://localhost:57724/_next/static/chunks/node_modules_next_dist_1e8vcs8._.js:776
[  101673ms] [LOG] [Fast Refresh] done in 645ms @ http://localhost:57724/_next/static/chunks/node_modules_next_dist_1e8vcs8._.js:776
[  101735ms] [LOG] [Fast Refresh] done in 645ms @ http://localhost:57724/_next/static/chunks/node_modules_next_dist_1e8vcs8._.js:776
[  101798ms] [LOG] [Fast Refresh] done in 645ms @ http://localhost:57724/_next/static/chunks/node_modules_next_dist_1e8vcs8._.js:776
[  101861ms] [LOG] [Fast Refresh] done in 645ms @ http://localhost:57724/_next/static/chunks/node_modules_next_dist_1e8vcs8._.js:776
[  101924ms] [LOG] [Fast Refresh] done in 645ms @ http://localhost:57724/_next/static/chunks/node_modules_next_dist_1e8vcs8._.js:776
[  101985ms] [LOG] [Fast Refresh] done in 645ms @ http://localhost:57724/_next/static/chunks/node_modules_next_dist_1e8vcs8._.js:776
[  102049ms] [LOG] [Fast Refresh] done in 645ms @ http://localhost:57724/_next/static/chunks/node_modules_next_dist_1e8vcs8._.js:776
[  102111ms] [LOG] [Fast Refresh] done in 645ms @ http://localhost:57724/_next/static/chunks/node_modules_next_dist_1e8vcs8._.js:776
[  102172ms] [LOG] [Fast Refresh] done in 645ms @ http://localhost:57724/_next/static/chunks/node_modules_next_dist_1e8vcs8._.js:776
[  102237ms] [LOG] [Fast Refresh] done in 645ms @ http://localhost:57724/_next/static/chunks/node_modules_next_dist_1e8vcs8._.js:776
[  102298ms] [LOG] [Fast Refresh] done in 645ms @ http://localhost:57724/_next/static/chunks/node_modules_next_dist_1e8vcs8._.js:776
[  102360ms] [LOG] [Fast Refresh] done in 645ms @ http://localhost:57724/_next/static/chunks/node_modules_next_dist_1e8vcs8._.js:776
[  102424ms] [LOG] [Fast Refresh] done in 645ms @ http://localhost:57724/_next/static/chunks/node_modules_next_dist_1e8vcs8._.js:776
[  102486ms] [LOG] [Fast Refresh] done in 645ms @ http://localhost:57724/_next/static/chunks/node_modules_next_dist_1e8vcs8._.js:776
[  102547ms] [LOG] [Fast Refresh] done in 645ms @ http://localhost:57724/_next/static/chunks/node_modules_next_dist_1e8vcs8._.js:776
[  102609ms] [LOG] [Fast Refresh] done in 645ms @ http://localhost:57724/_next/static/chunks/node_modules_next_dist_1e8vcs8._.js:776
[  102671ms] [LOG] [Fast Refresh] done in 645ms @ http://localhost:57724/_next/static/chunks/node_modules_next_dist_1e8vcs8._.js:776
[  102734ms] [LOG] [Fast Refresh] done in 645ms @ http://localhost:57724/_next/static/chunks/node_modules_next_dist_1e8vcs8._.js:776
[  102798ms] [LOG] [Fast Refresh] done in 645ms @ http://localhost:57724/_next/static/chunks/node_modules_next_dist_1e8vcs8._.js:776
[  102860ms] [LOG] [Fast Refresh] done in 645ms @ http://localhost:57724/_next/static/chunks/node_modules_next_dist_1e8vcs8._.js:776
[  102922ms] [LOG] [Fast Refresh] done in 645ms @ http://localhost:57724/_next/static/chunks/node_modules_next_dist_1e8vcs8._.js:776
[  102984ms] [LOG] [Fast Refresh] done in 645ms @ http://localhost:57724/_next/static/chunks/node_modules_next_dist_1e8vcs8._.js:776
[  103046ms] [LOG] [Fast Refresh] done in 645ms @ http://localhost:57724/_next/static/chunks/node_modules_next_dist_1e8vcs8._.js:776
[  103109ms] [LOG] [Fast Refresh] done in 645ms @ http://localhost:57724/_next/static/chunks/node_modules_next_dist_1e8vcs8._.js:776
[  103171ms] [LOG] [Fast Refresh] done in 645ms @ http://localhost:57724/_next/static/chunks/node_modules_next_dist_1e8vcs8._.js:776
[  103234ms] [LOG] [Fast Refresh] done in 645ms @ http://localhost:57724/_next/static/chunks/node_modules_next_dist_1e8vcs8._.js:776
[  103295ms] [LOG] [Fast Refresh] done in 645ms @ http://localhost:57724/_next/static/chunks/node_modules_next_dist_1e8vcs8._.js:776
[  103359ms] [LOG] [Fast Refresh] done in 645ms @ http://localhost:57724/_next/static/chunks/node_modules_next_dist_1e8vcs8._.js:776
[  103421ms] [LOG] [Fast Refresh] done in 645ms @ http://localhost:57724/_next/static/chunks/node_modules_next_dist_1e8vcs8._.js:776
[  103483ms] [LOG] [Fast Refresh] done in 645ms @ http://localhost:57724/_next/static/chunks/node_modules_next_dist_1e8vcs8._.js:776
[  103547ms] [LOG] [Fast Refresh] done in 645ms @ http://localhost:57724/_next/static/chunks/node_modules_next_dist_1e8vcs8._.js:776
[  103609ms] [LOG] [Fast Refresh] done in 645ms @ http://localhost:57724/_next/static/chunks/node_modules_next_dist_1e8vcs8._.js:776
[  103672ms] [LOG] [Fast Refresh] done in 645ms @ http://localhost:57724/_next/static/chunks/node_modules_next_dist_1e8vcs8._.js:776
[  103735ms] [LOG] [Fast Refresh] done in 645ms @ http://localhost:57724/_next/static/chunks/node_modules_next_dist_1e8vcs8._.js:776
[  103797ms] [LOG] [Fast Refresh] done in 645ms @ http://localhost:57724/_next/static/chunks/node_modules_next_dist_1e8vcs8._.js:776
[  103860ms] [LOG] [Fast Refresh] done in 645ms @ http://localhost:57724/_next/static/chunks/node_modules_next_dist_1e8vcs8._.js:776
[  103922ms] [LOG] [Fast Refresh] done in 645ms @ http://localhost:57724/_next/static/chunks/node_modules_next_dist_1e8vcs8._.js:776
[  103985ms] [LOG] [Fast Refresh] done in 645ms @ http://localhost:57724/_next/static/chunks/node_modules_next_dist_1e8vcs8._.js:776
[  104047ms] [LOG] [Fast Refresh] done in 645ms @ http://localhost:57724/_next/static/chunks/node_modules_next_dist_1e8vcs8._.js:776
[  104110ms] [LOG] [Fast Refresh] done in 645ms @ http://localhost:57724/_next/static/chunks/node_modules_next_dist_1e8vcs8._.js:776
[  104171ms] [LOG] [Fast Refresh] done in 645ms @ http://localhost:57724/_next/static/chunks/node_modules_next_dist_1e8vcs8._.js:776
[  104234ms] [LOG] [Fast Refresh] done in 645ms @ http://localhost:57724/_next/static/chunks/node_modules_next_dist_1e8vcs8._.js:776
[  104297ms] [LOG] [Fast Refresh] done in 645ms @ http://localhost:57724/_next/static/chunks/node_modules_next_dist_1e8vcs8._.js:776
[  104361ms] [LOG] [Fast Refresh] done in 645ms @ http://localhost:57724/_next/static/chunks/node_modules_next_dist_1e8vcs8._.js:776
[  104422ms] [LOG] [Fast Refresh] done in 645ms @ http://localhost:57724/_next/static/chunks/node_modules_next_dist_1e8vcs8._.js:776
[  104485ms] [LOG] [Fast Refresh] done in 645ms @ http://localhost:57724/_next/static/chunks/node_modules_next_dist_1e8vcs8._.js:776
[  104550ms] [LOG] [Fast Refresh] done in 645ms @ http://localhost:57724/_next/static/chunks/node_modules_next_dist_1e8vcs8._.js:776
[  104610ms] [LOG] [Fast Refresh] done in 645ms @ http://localhost:57724/_next/static/chunks/node_modules_next_dist_1e8vcs8._.js:776
[  104672ms] [LOG] [Fast Refresh] done in 645ms @ http://localhost:57724/_next/static/chunks/node_modules_next_dist_1e8vcs8._.js:776
[  104887ms] [LOG] [Fast Refresh] rebuilding @ http://localhost:57724/_next/static/chunks/node_modules_next_dist_1e8vcs8._.js:776
[  105570ms] [LOG] [Fast Refresh] done in 577ms @ http://localhost:57724/_next/static/chunks/node_modules_next_dist_1e8vcs8._.js:776
[  105700ms] [LOG] [Fast Refresh] done in 577ms @ http://localhost:57724/_next/static/chunks/node_modules_next_dist_1e8vcs8._.js:776
[  105800ms] [LOG] [Fast Refresh] done in 577ms @ http://localhost:57724/_next/static/chunks/node_modules_next_dist_1e8vcs8._.js:776
